Product: MDK-ARM Standard 5.10
Component: ARM Compiler 5.04 update 1 (build 49)
Tool: armlink [5040049]

==============================================================================

Section Cross References

    main.o(.text) refers to system_stm32f10x.o(.text) for SystemInit
    main.o(.text) refers to usart.o(.text) for Usart_Configuration
    main.o(.text) refers to time.o(.text) for TIM3_Configuration
    main.o(.text) refers to pwm.o(.text) for PWMConfig
    main.o(.text) refers to imu_usart.o(.text) for IMUInit
    main.o(.text) refers to control.o(.text) for MotorRangeAdjust
    main.o(.text) refers to time.o(.data) for flag10ms
    usart.o(.rev16_text) refers (Special) to use_no_semi_2.o(.text) for __use_no_semihosting
    usart.o(.revsh_text) refers (Special) to use_no_semi_2.o(.text) for __use_no_semihosting
    usart.o(.text) refers (Special) to use_no_semi_2.o(.text) for __use_no_semihosting
    usart.o(.text) refers to _printf_pad.o(.text) for _printf_pre_padding
    usart.o(.text) refers to _printf_percent.o(.ARM.Collect$$_printf_percent$$00000000) for _printf_percent
    usart.o(.text) refers to _printf_d.o(.ARM.Collect$$_printf_percent$$00000009) for _printf_d
    usart.o(.text) refers to _printf_dec.o(.text) for _printf_int_dec
    usart.o(.text) refers to _printf_f.o(.ARM.Collect$$_printf_percent$$00000003) for _printf_f
    usart.o(.text) refers to printf1.o(x$fpl$printf1) for _printf_fp_dec
    usart.o(.text) refers to stm32f10x_rcc.o(.text) for RCC_APB2PeriphClockCmd
    usart.o(.text) refers to stm32f10x_gpio.o(.text) for GPIO_Init
    usart.o(.text) refers to stm32f10x_usart.o(.text) for USART_ITConfig
    usart.o(.text) refers to misc.o(.text) for NVIC_PriorityGroupConfig
    usart.o(.text) refers to noretval__2printf.o(.text) for __2printf
    usart.o(.text) refers to daddsub_clz.o(x$fpl$dadd) for __aeabi_dadd
    usart.o(.text) refers to daddsub_clz.o(x$fpl$dsub) for __aeabi_dsub
    usart.o(.text) refers to control.o(.data) for PowerBase
    usart.o(.text) refers to control.o(.bss) for ControlCopterK
    usart.o(.text) refers to usart.o(.bss) for data_buffer2
    usart.o(.text) refers to usart.o(.data) for Recieved_Count2
    usart.o(.text) refers to imu_usart.o(.bss) for re_buff
    usart.o(.bss) refers (Special) to use_no_semi_2.o(.text) for __use_no_semihosting
    usart.o(.data) refers (Special) to use_no_semi_2.o(.text) for __use_no_semihosting
    pwm.o(.text) refers to stm32f10x_rcc.o(.text) for RCC_APB2PeriphClockCmd
    pwm.o(.text) refers to stm32f10x_gpio.o(.text) for GPIO_Init
    pwm.o(.text) refers to stm32f10x_tim.o(.text) for TIM_TimeBaseInit
    pwm.o(.text) refers to dflt_clz.o(x$fpl$dflt) for __aeabi_i2d
    pwm.o(.text) refers to dmul.o(x$fpl$dmul) for __aeabi_dmul
    pwm.o(.text) refers to dfixu.o(x$fpl$dfixu) for __aeabi_d2uiz
    delay.o(.text) refers to stm32f10x_rcc.o(.text) for RCC_DeInit
    imu_usart.o(.text) refers to dflt_clz.o(x$fpl$dflt) for __aeabi_i2d
    imu_usart.o(.text) refers to ddiv.o(x$fpl$ddiv) for __aeabi_ddiv
    imu_usart.o(.text) refers to dmul.o(x$fpl$dmul) for __aeabi_dmul
    imu_usart.o(.text) refers to daddsub_clz.o(x$fpl$dadd) for __aeabi_dadd
    imu_usart.o(.text) refers to imu_usart.o(.bss) for re_buff
    imu_usart.o(.text) refers to imu_usart.o(.data) for T
    time.o(.text) refers to stm32f10x_rcc.o(.text) for RCC_APB1PeriphClockCmd
    time.o(.text) refers to stm32f10x_tim.o(.text) for TIM_ClearITPendingBit
    time.o(.text) refers to misc.o(.text) for NVIC_PriorityGroupConfig
    time.o(.text) refers to time.o(.data) for flag10ms
    control.o(.text) refers to _printf_pad.o(.text) for _printf_pre_padding
    control.o(.text) refers to _printf_percent.o(.ARM.Collect$$_printf_percent$$00000000) for _printf_percent
    control.o(.text) refers to _printf_f.o(.ARM.Collect$$_printf_percent$$00000003) for _printf_f
    control.o(.text) refers to printf1.o(x$fpl$printf1) for _printf_fp_dec
    control.o(.text) refers to pwm.o(.text) for PWMChangeDuty
    control.o(.text) refers to delay.o(.text) for delay_s
    control.o(.text) refers to imu_usart.o(.text) for DECODE_IMU_DATA
    control.o(.text) refers to daddsub_clz.o(x$fpl$dsub) for __aeabi_dsub
    control.o(.text) refers to daddsub_clz.o(x$fpl$dadd) for __aeabi_dadd
    control.o(.text) refers to drleqf.o(x$fpl$drleqf) for __aeabi_cdrcmple
    control.o(.text) refers to dleqf.o(x$fpl$dleqf) for __aeabi_cdcmple
    control.o(.text) refers to dmul.o(x$fpl$dmul) for __aeabi_dmul
    control.o(.text) refers to dflt_clz.o(x$fpl$dflt) for __aeabi_i2d
    control.o(.text) refers to control.o(.bss) for ControlCopterK
    control.o(.text) refers to imu_usart.o(.bss) for IMUDataSolved
    control.o(.text) refers to control.o(.data) for PowerBase
    control.o(.text) refers to dfixu.o(x$fpl$dfixu) for __aeabi_d2uiz
    control.o(.text) refers to noretval__2printf.o(.text) for __2printf
    stm32f10x_gpio.o(.text) refers to stm32f10x_rcc.o(.text) for RCC_APB2PeriphResetCmd
[...]
    defsig.o(CL$$defsig) refers to defsig_rtmem_inner.o(.text) for __rt_SIGRTMEM_inner
    defsig_abrt_inner.o(.text) refers to defsig_general.o(.text) for __default_signal_display
    defsig_fpe_inner.o(.text) refers to defsig_general.o(.text) for __default_signal_display
    defsig_rtred_inner.o(.text) refers to defsig_general.o(.text) for __default_signal_display
    defsig_stak_inner.o(.text) refers to defsig_general.o(.text) for __default_signal_display
    defsig_pvfn_inner.o(.text) refers to defsig_general.o(.text) for __default_signal_display
    defsig_cppl_inner.o(.text) refers to defsig_general.o(.text) for __default_signal_display
    defsig_segv_inner.o(.text) refers to defsig_general.o(.text) for __default_signal_display
    defsig_other.o(.text) refers to defsig_general.o(.text) for __default_signal_display


==============================================================================

Removing Unused input sections from the image.

    Removing main.o(.rev16_text), (4 bytes).
    Removing main.o(.revsh_text), (4 bytes).
    Removing usart.o(.rev16_text), (4 bytes).
    Removing usart.o(.revsh_text), (4 bytes).
    Removing pwm.o(.rev16_text), (4 bytes).
    Removing pwm.o(.revsh_text), (4 bytes).
    Removing delay.o(.rev16_text), (4 bytes).
    Removing delay.o(.revsh_text), (4 bytes).
    Removing imu_usart.o(.rev16_text), (4 bytes).
    Removing imu_usart.o(.revsh_text), (4 bytes).
    Removing time.o(.rev16_text), (4 bytes).
    Removing time.o(.revsh_text), (4 bytes).
    Removing control.o(.rev16_text), (4 bytes).
    Removing control.o(.revsh_text), (4 bytes).
    Removing misc.o(.rev16_text), (4 bytes).
    Removing misc.o(.revsh_text), (4 bytes).
    Removing stm32f10x_gpio.o(.rev16_text), (4 bytes).
    Removing stm32f10x_gpio.o(.revsh_text), (4 bytes).
    Removing stm32f10x_rcc.o(.rev16_text), (4 bytes).
    Removing stm32f10x_rcc.o(.revsh_text), (4 bytes).
    Removing stm32f10x_tim.o(.rev16_text), (4 bytes).
    Removing stm32f10x_tim.o(.revsh_text), (4 bytes).
    Removing gpio_stm32f10x.o(.rev16_text), (4 bytes).
    Removing gpio_stm32f10x.o(.revsh_text), (4 bytes).
    Removing gpio_stm32f10x.o(.text), (492 bytes).
    Removing system_stm32f10x.o(.rev16_text), (4 bytes).
    Removing system_stm32f10x.o(.revsh_text), (4 bytes).
    Removing stm32f10x_usart.o(.rev16_text), (4 bytes).
    Removing stm32f10x_usart.o(.revsh_text), (4 bytes).

29 unused section(s) (total 604 bytes) removed from the image.

==============================================================================

Image Symbol Table

    Local Symbols

    Symbol Name                              Value     Ov Type        Size  Object(Section)

    ../clib/angel/boardlib.s                 0x00000000   Number         0  boardinit2.o ABSOLUTE
    ../clib/angel/boardlib.s                 0x00000000   Number         0  boardshut.o ABSOLUTE
    ../clib/angel/boardlib.s                 0x00000000   Number         0  boardinit1.o ABSOLUTE
    ../clib/angel/boardlib.s                 0x00000000   Number         0  boardinit3.o ABSOLUTE
    ../clib/angel/handlers.s                 0x00000000   Number         0  __scatter_copy.o ABSOLUTE
    ../clib/angel/handlers.s                 0x00000000   Number         0  __scatter_zi.o ABSOLUTE
    ../clib/angel/kernel.s                   0x00000000   Number         0  rtexit2.o ABSOLUTE
    ../clib/angel/kernel.s                   0x00000000   Number         0  rtentry4.o ABSOLUTE
    ../clib/angel/kernel.s                   0x00000000   Number         0  rtentry2.o ABSOLUTE
    ../clib/angel/kernel.s                   0x00000000   Number         0  rtexit.o ABSOLUTE
    ../clib/angel/kernel.s                   0x00000000   Number         0  rtentry.o ABSOLUTE
    ../clib/angel/rt.s                       0x00000000   Number         0  rt_locale.o ABSOLUTE
    ../clib/angel/rt.s                       0x00000000   Number         0  rt_locale_intlibspace.o ABSOLUTE
    ../clib/angel/rt.s                       0x00000000   Number         0  rt_raise.o ABSOLUTE
    ../clib/angel/scatter.s                  0x00000000   Number         0  __scatter.o ABSOLUTE
    ../clib/angel/startup.s                  0x00000000   Number         0  __main.o ABSOLUTE
    ../clib/angel/sys.s                      0x00000000   Number         0  use_no_semi_2.o ABSOLUTE
    ../clib/angel/sys.s                      0x00000000   Number         0  indicate_semi.o ABSOLUTE
    ../clib/angel/sys.s                      0x00000000   Number         0  sys_stackheap_outer.o ABSOLUTE
    ../clib/angel/sys.s                      0x00000000   Number         0  libspace.o ABSOLUTE
    ../clib/angel/sys.s                      0x00000000   Number         0  use_no_semi.o ABSOLUTE
    ../clib/angel/sysapp.c                   0x00000000   Number         0  sys_wrch.o ABSOLUTE
    ../clib/angel/sysapp.c                   0x00000000   Number         0  sys_command.o ABSOLUTE
    ../clib/armsys.c                         0x00000000   Number         0  argv_veneer.o ABSOLUTE
    ../clib/armsys.c                         0x00000000   Number         0  _get_argv_nomalloc.o ABSOLUTE
    ../clib/armsys.c                         0x00000000   Number         0  no_argv.o ABSOLUTE
    ../clib/armsys.c                         0x00000000   Number         0  argv_veneer.o ABSOLUTE
    ../clib/bigflt.c                         0x00000000   Number         0  bigflt0.o ABSOLUTE
    ../clib/btod.s                           0x00000000   Number         0  btod.o ABSOLUTE
    ../clib/heapalloc.c                      0x00000000   Number         0  hrguard.o ABSOLUTE
    ../clib/heapaux.c                        0x00000000   Number         0  heapauxi.o ABSOLUTE
    ../clib/libinit.s                        0x00000000   Number         0  libinit.o ABSOLUTE
    ../clib/libinit.s                        0x00000000   Number         0  libshutdown.o ABSOLUTE
    ../clib/libinit.s                        0x00000000   Number         0  libinit2.o ABSOLUTE
    ../clib/libinit.s                        0x00000000   Number         0  libshutdown2.o ABSOLUTE
    ../clib/locale.s                         0x00000000   Number         0  lc_numeric_c.o ABSOLUTE
    ../clib/longlong.s                       0x00000000   Number         0  lludiv10.o ABSOLUTE
    ../clib/memcpset.s                       0x00000000   Number         0  strcmpv7m.o ABSOLUTE
    ../clib/misc.s                           0x00000000   Number         0  printf_stubs.o ABSOLUTE
    ../clib/printf.c                         0x00000000   Number         0  __printf.o ABSOLUTE
    ../clib/printf.c                         0x00000000   Number         0  __printf_flags_ss.o ABSOLUTE
    ../clib/printf.c                         0x00000000   Number         0  noretval__2printf.o ABSOLUTE
    ../clib/printf.c                         0x00000000   Number         0  __printf_flags_ss_wp.o ABSOLUTE
    ../clib/printf.c                         0x00000000   Number         0  __printf_nopercent.o ABSOLUTE
    ../clib/printf.c                         0x00000000   Number         0  _printf_char_file.o ABSOLUTE
    ../clib/printf.c                         0x00000000   Number         0  __2printf.o ABSOLUTE
    ../clib/printf.c                         0x00000000   Number         0  __printf_flags_wp.o ABSOLUTE
    ../clib/printf.c                         0x00000000   Number         0  __printf_ss.o ABSOLUTE
    ../clib/printf.c                         0x00000000   Number         0  __printf_wp.o ABSOLUTE
    ../clib/printf.c                         0x00000000   Number         0  __printf_flags.o ABSOLUTE
    ../clib/printf.c                         0x00000000   Number         0  _printf_dec.o ABSOLUTE
    ../clib/printf.c                         0x00000000   Number         0  _printf_fp_infnan.o ABSOLUTE
    ../clib/printf.c                         0x00000000   Number         0  _printf_intcommon.o ABSOLUTE
    ../clib/printf.c                         0x00000000   Number         0  _printf_char_common.o ABSOLUTE
    ../clib/printf.c                         0x00000000   Number         0  _printf_fp_dec.o ABSOLUTE
    ../clib/printf.c                         0x00000000   Number         0  _printf_pad.o ABSOLUTE
    ../clib/printf.c                         0x00000000   Number         0  __printf_ss_wp.o ABSOLUTE
    ../clib/printf_percent.s                 0x00000000   Number         0  _printf_percent_end.o ABSOLUTE
    ../clib/printf_percent.s                 0x00000000   Number         0  _printf_d.o ABSOLUTE
    ../clib/printf_percent.s                 0x00000000   Number         0  _printf_f.o ABSOLUTE
    ../clib/printf_percent.s                 0x00000000   Number         0  _printf_percent.o ABSOLUTE
    ../clib/signal.c                         0x00000000   Number         0  defsig_rtmem_outer.o ABSOLUTE
    ../clib/signal.c                         0x00000000   Number         0  defsig_rtmem_formal.o ABSOLUTE
    ../clib/signal.c                         0x00000000   Number         0  defsig_rtred_inner.o ABSOLUTE
    ../clib/signal.c                         0x00000000   Number         0  defsig_stak_inner.o ABSOLUTE
    ../clib/signal.c                         0x00000000   Number         0  defsig_general.o ABSOLUTE
    ../clib/signal.c                         0x00000000   Number         0  __raise.o ABSOLUTE
    ../clib/signal.c                         0x00000000   Number         0  defsig_pvfn_inner.o ABSOLUTE
    ../clib/signal.c                         0x00000000   Number         0  defsig_rtmem_inner.o ABSOLUTE
    ../clib/signal.c                         0x00000000   Number         0  defsig_abrt_inner.o ABSOLUTE
    ../clib/signal.c                         0x00000000   Number         0  defsig_cppl_inner.o ABSOLUTE
    ../clib/signal.c                         0x00000000   Number         0  defsig_fpe_inner.o ABSOLUTE
    ../clib/signal.c                         0x00000000   Number         0  defsig_segv_inner.o ABSOLUTE
    ../clib/signal.c                         0x00000000   Number         0  defsig_other.o ABSOLUTE
    ../clib/signal.c                         0x00000000   Number         0  defsig_exit.o ABSOLUTE
    ../clib/signal.s                         0x00000000   Number         0  defsig.o ABSOLUTE
    ../clib/stdio.c                          0x00000000   Number         0  ferror.o ABSOLUTE
    ../clib/stdio.c                          0x00000000   Number         0  ferror_locked.o ABSOLUTE
    ../clib/stdlib.c                         0x00000000   Number         0  exit.o ABSOLUTE
    ../fplib/daddsub.s                       0x00000000   Number         0  daddsub_clz.o ABSOLUTE
    ../fplib/dcmpi.s                         0x00000000   Number         0  dcmpi.o ABSOLUTE
    ../fplib/ddiv.s                          0x00000000   Number         0  ddiv.o ABSOLUTE
    ../fplib/dfixu.s                         0x00000000   Number         0  dfixu.o ABSOLUTE
    ../fplib/dflt.s                          0x00000000   Number         0  dflt_clz.o ABSOLUTE
    ../fplib/dleqf.s                         0x00000000   Number         0  dleqf.o ABSOLUTE
    ../fplib/dmul.s                          0x00000000   Number         0  dmul.o ABSOLUTE
    ../fplib/dnaninf.s                       0x00000000   Number         0  dnaninf.o ABSOLUTE
    ../fplib/dretinf.s                       0x00000000   Number         0  dretinf.o ABSOLUTE
    ../fplib/drleqf.s                        0x00000000   Number         0  drleqf.o ABSOLUTE
    ../fplib/fpinit.s                        0x00000000   Number         0  fpinit.o ABSOLUTE
    ../fplib/istatus.s                       0x00000000   Number         0  istatus.o ABSOLUTE
    ../fplib/printf1.s                       0x00000000   Number         0  printf1.o ABSOLUTE
    ../fplib/usenofp.s                       0x00000000   Number         0  usenofp.o ABSOLUTE
    ../mathlib/fpclassify.c                  0x00000000   Number         0  fpclassify.o ABSOLUTE
    ..\\usr\\IMU_USART.c                     0x00000000   Number         0  imu_usart.o ABSOLUTE
    ..\\usr\\control.c                       0x00000000   Number         0  control.o ABSOLUTE
    ..\\usr\\delay.c                         0x00000000   Number         0  delay.o ABSOLUTE
    ..\\usr\\main.c                          0x00000000   Number         0  main.o ABSOLUTE
    ..\\usr\\pwm.c                           0x00000000   Number         0  pwm.o ABSOLUTE
    ..\\usr\\time.c                          0x00000000   Number         0  time.o ABSOLUTE
    ..\\usr\\usart.c                         0x00000000   Number         0  usart.o ABSOLUTE
    ..\usr\IMU_USART.c                       0x00000000   Number         0  imu_usart.o ABSOLUTE
    ..\usr\control.c                         0x00000000   Number         0  control.o ABSOLUTE
    ..\usr\delay.c                           0x00000000   Number         0  delay.o ABSOLUTE
    ..\usr\main.c                            0x00000000   Number         0  main.o ABSOLUTE
    ..\usr\pwm.c                             0x00000000   Number         0  pwm.o ABSOLUTE
    ..\usr\time.c                            0x00000000   Number         0  time.o ABSOLUTE
    ..\usr\usart.c                           0x00000000   Number         0  usart.o ABSOLUTE
    C:\Keil_v5\ARM\PACK\Keil\STM32F1xx_DFP\1.1.0\Device\StdPeriph_Driver\src\misc.c 0x00000000   Number         0  misc.o ABSOLUTE
    C:\Keil_v5\ARM\PACK\Keil\STM32F1xx_DFP\1.1.0\Device\StdPeriph_Driver\src\stm32f10x_gpio.c 0x00000000   Number         0  stm32f10x_gpio.o ABSOLUTE
    C:\Keil_v5\ARM\PACK\Keil\STM32F1xx_DFP\1.1.0\Device\StdPeriph_Driver\src\stm32f10x_rcc.c 0x00000000   Number         0  stm32f10x_rcc.o ABSOLUTE
    C:\Keil_v5\ARM\PACK\Keil\STM32F1xx_DFP\1.1.0\Device\StdPeriph_Driver\src\stm32f10x_tim.c 0x00000000   Number         0  stm32f10x_tim.o ABSOLUTE
    C:\Keil_v5\ARM\PACK\Keil\STM32F1xx_DFP\1.1.0\Device\StdPeriph_Driver\src\stm32f10x_usart.c 0x00000000   Number         0  stm32f10x_usart.o ABSOLUTE
    C:\Keil_v5\ARM\PACK\Keil\STM32F1xx_DFP\1.1.0\RTE_Driver\GPIO_STM32F10x.c 0x00000000   Number         0  gpio_stm32f10x.o ABSOLUTE
    C:\\Keil_v5\\ARM\\PACK\\Keil\\STM32F1xx_DFP\\1.1.0\\Device\\StdPeriph_Driver\\src\\misc.c 0x00000000   Number         0  misc.o ABSOLUTE
    C:\\Keil_v5\\ARM\\PACK\\Keil\\STM32F1xx_DFP\\1.1.0\\Device\\StdPeriph_Driver\\src\\stm32f10x_gpio.c 0x00000000   Number         0  stm32f10x_gpio.o ABSOLUTE
    C:\\Keil_v5\\ARM\\PACK\\Keil\\STM32F1xx_DFP\\1.1.0\\Device\\StdPeriph_Driver\\src\\stm32f10x_rcc.c 0x00000000   Number         0  stm32f10x_rcc.o ABSOLUTE
    C:\\Keil_v5\\ARM\\PACK\\Keil\\STM32F1xx_DFP\\1.1.0\\Device\\StdPeriph_Driver\\src\\stm32f10x_tim.c 0x00000000   Number         0  stm32f10x_tim.o ABSOLUTE
    C:\\Keil_v5\\ARM\\PACK\\Keil\\STM32F1xx_DFP\\1.1.0\\Device\\StdPeriph_Driver\\src\\stm32f10x_usart.c 0x00000000   Number         0  stm32f10x_usart.o ABSOLUTE
    C:\\Keil_v5\\ARM\\PACK\\Keil\\STM32F1xx_DFP\\1.1.0\\RTE_Driver\\GPIO_STM32F10x.c 0x00000000   Number         0  gpio_stm32f10x.o ABSOLUTE
    RTE\Device\STM32F103C8\startup_stm32f10x_md.s 0x00000000   Number         0  startup_stm32f10x_md.o ABSOLUTE
    RTE\Device\STM32F103C8\system_stm32f10x.c 0x00000000   Number         0  system_stm32f10x.o ABSOLUTE
    RTE\\Device\\STM32F103C8\\system_stm32f10x.c 0x00000000   Number         0  system_stm32f10x.o ABSOLUTE
    dc.s                                     0x00000000   Number         0  dc.o ABSOLUTE
    RESET                                    0x08000000   Section      236  startup_stm32f10x_md.o(RESET)
    !!!main                                  0x080000ec   Section        8  __main.o(!!!main)
    !!!scatter                               0x080000f4   Section       52  __scatter.o(!!!scatter)
    !!handler_copy                           0x08000128   Section       26  __scatter_copy.o(!!handler_copy)
    !!handler_zi                             0x08000144   Section       28  __scatter_zi.o(!!handler_zi)
    .ARM.Collect$$_printf_percent$$00000000  0x08000160   Section        0  _printf_percent.o(.ARM.Collect$$_printf_percent$$00000000)
    .ARM.Collect$$_printf_percent$$00000003  0x08000160   Section        6  _printf_f.o(.ARM.Collect$$_printf_percent$$00000003)
    .ARM.Collect$$_printf_percent$$00000009  0x08000166   Section        6  _printf_d.o(.ARM.Collect$$_printf_percent$$00000009)
    .ARM.Collect$$_printf_percent$$00000017  0x0800016c   Section        4  _printf_percent_end.o(.ARM.Collect$$_printf_percent$$00000017)
    .ARM.Collect$$libinit$$00000000          0x08000170   Section        2  libinit.o(.ARM.Collect$$libinit$$00000000)
    .ARM.Collect$$libinit$$00000002          0x08000172   Section        0  libinit2.o(.ARM.Collect$$libinit$$00000002)
    .ARM.Collect$$libinit$$00000008          0x08000172   Section        0  libinit2.o(.ARM.Collect$$libinit$$00000008)
    .ARM.Collect$$libinit$$0000000A          0x08000172   Section        0  libinit2.o(.ARM.Collect$$libinit$$0000000A)
    .ARM.Collect$$libinit$$0000000C          0x08000172   Section        0  libinit2.o(.ARM.Collect$$libinit$$0000000C)
    .ARM.Collect$$libinit$$0000000D          0x08000172   Section        6  libinit2.o(.ARM.Collect$$libinit$$0000000D)
    .ARM.Collect$$libinit$$0000000F          0x08000178   Section        0  libinit2.o(.ARM.Collect$$libinit$$0000000F)
    .ARM.Collect$$libinit$$00000011          0x08000178   Section        0  libinit2.o(.ARM.Collect$$libinit$$00000011)
    .ARM.Collect$$libinit$$00000013          0x08000178   Section        0  libinit2.o(.ARM.Collect$$libinit$$00000013)
    .ARM.Collect$$libinit$$00000014          0x08000178   Section       10  libinit2.o(.ARM.Collect$$libinit$$00000014)
    .ARM.Collect$$libinit$$00000015          0x08000182   Section        0  libinit2.o(.ARM.Collect$$libinit$$00000015)
    .ARM.Collect$$libinit$$00000017          0x08000182   Section        0  libinit2.o(.ARM.Collect$$libinit$$00000017)
    .ARM.Collect$$libinit$$00000019          0x08000182   Section        0  libinit2.o(.ARM.Collect$$libinit$$00000019)
    .ARM.Collect$$libinit$$0000001B          0x08000182   Section        0  libinit2.o(.ARM.Collect$$libinit$$0000001B)
    .ARM.Collect$$libinit$$0000001D          0x08000182   Section        0  libinit2.o(.ARM.Collect$$libinit$$0000001D)
    .ARM.Collect$$libinit$$0000001F          0x08000182   Section        0  libinit2.o(.ARM.Collect$$libinit$$0000001F)
    .ARM.Collect$$libinit$$00000021          0x08000182   Section        0  libinit2.o(.ARM.Collect$$libinit$$00000021)
    .ARM.Collect$$libinit$$00000023          0x08000182   Section        0  libinit2.o(.ARM.Collect$$libinit$$00000023)
    .ARM.Collect$$libinit$$0000002A          0x08000182   Section        0  libinit2.o(.ARM.Collect$$libinit$$0000002A)
    .ARM.Collect$$libinit$$0000002C          0x08000182   Section        0  libinit2.o(.ARM.Collect$$libinit$$0000002C)
    .ARM.Collect$$libinit$$0000002E          0x08000182   Section        0  libinit2.o(.ARM.Collect$$libinit$$0000002E)
    .ARM.Collect$$libinit$$00000030          0x08000182   Section        0  libinit2.o(.ARM.Collect$$libinit$$00000030)
    .ARM.Collect$$libinit$$00000031          0x08000182   Section        2  libinit2.o(.ARM.Collect$$libinit$$00000031)
    .ARM.Collect$$libshutdown$$00000000      0x08000184   Section        2  libshutdown.o(.ARM.Collect$$libshutdown$$00000000)
    .ARM.Collect$$libshutdown$$00000003      0x08000186   Section        0  libshutdown2.o(.ARM.Collect$$libshutdown$$00000003)
    .ARM.Collect$$libshutdown$$00000006      0x08000186   Section        0  libshutdown2.o(.ARM.Collect$$libshutdown$$00000006)
    .ARM.Collect$$libshutdown$$00000009      0x08000186   Section        0  libshutdown2.o(.ARM.Collect$$libshutdown$$00000009)
    .ARM.Collect$$libshutdown$$0000000B      0x08000186   Section        0  libshutdown2.o(.ARM.Collect$$libshutdown$$0000000B)
    .ARM.Collect$$libshutdown$$0000000E      0x08000186   Section        0  libshutdown2.o(.ARM.Collect$$libshutdown$$0000000E)
    .ARM.Collect$$libshutdown$$0000000F      0x08000186   Section        2  libshutdown2.o(.ARM.Collect$$libshutdown$$0000000F)
    .ARM.Collect$$rtentry$$00000000          0x08000188   Section        0  rtentry.o(.ARM.Collect$$rtentry$$00000000)
    .ARM.Collect$$rtentry$$00000002          0x08000188   Section        0  rtentry2.o(.ARM.Collect$$rtentry$$00000002)
    .ARM.Collect$$rtentry$$00000004          0x08000188   Section        6  rtentry4.o(.ARM.Collect$$rtentry$$00000004)
    .ARM.Collect$$rtentry$$00000009          0x0800018e   Section        0  rtentry2.o(.ARM.Collect$$rtentry$$00000009)
    .ARM.Collect$$rtentry$$0000000A          0x0800018e   Section        4  rtentry2.o(.ARM.Collect$$rtentry$$0000000A)
    .ARM.Collect$$rtentry$$0000000C          0x08000192   Section        0  rtentry2.o(.ARM.Collect$$rtentry$$0000000C)
    .ARM.Collect$$rtentry$$0000000D          0x08000192   Section        8  rtentry2.o(.ARM.Collect$$rtentry$$0000000D)
    .ARM.Collect$$rtexit$$00000000           0x0800019a   Section        2  rtexit.o(.ARM.Collect$$rtexit$$00000000)
    .ARM.Collect$$rtexit$$00000002           0x0800019c   Section        0  rtexit2.o(.ARM.Collect$$rtexit$$00000002)
    .ARM.Collect$$rtexit$$00000003           0x0800019c   Section        4  rtexit2.o(.ARM.Collect$$rtexit$$00000003)
    .ARM.Collect$$rtexit$$00000004           0x080001a0   Section        6  rtexit2.o(.ARM.Collect$$rtexit$$00000004)
    .text                                    0x080001a8   Section        0  main.o(.text)
    .text                                    0x08000234   Section        0  usart.o(.text)
    .text                                    0x08000660   Section        0  pwm.o(.text)
    .text                                    0x080007f8   Section        0  delay.o(.text)
    .text                                    0x08000918   Section        0  imu_usart.o(.text)
    .text                                    0x08000cf8   Section        0  time.o(.text)
    .text                                    0x08000d8c   Section        0  control.o(.text)
    .text                                    0x080012e8   Section        0  misc.o(.text)
    .text                                    0x080013c4   Section        0  stm32f10x_gpio.o(.text)
    .text                                    0x08001720   Section        0  stm32f10x_rcc.o(.text)
    .text                                    0x08001ac4   Section        0  stm32f10x_tim.o(.text)
    TI4_Config                               0x08001f6b   Thumb Code   130  stm32f10x_tim.o(.text)
    TI3_Config                               0x08001fff   Thumb Code   122  stm32f10x_tim.o(.text)
    TI2_Config                               0x08002093   Thumb Code   130  stm32f10x_tim.o(.text)
    TI1_Config                               0x08002127   Thumb Code   108  stm32f10x_tim.o(.text)
    .text                                    0x080028e0   Section       64  startup_stm32f10x_md.o(.text)
    .text                                    0x08002920   Section        0  system_stm32f10x.o(.text)
    SetSysClockTo72                          0x08002921   Thumb Code   214  system_stm32f10x.o(.text)
    SetSysClock                              0x080029f7   Thumb Code     8  system_stm32f10x.o(.text)
    .text                                    0x08002b00   Section        0  stm32f10x_usart.o(.text)
    .text                                    0x08002f08   Section        2  use_no_semi_2.o(.text)
    .text                                    0x08002f0c   Section        0  noretval__2printf.o(.text)
    .text                                    0x08002f24   Section        0  _printf_pad.o(.text)
    .text                                    0x08002f74   Section        0  _printf_dec.o(.text)
    .text                                    0x08002fe8   Section        0  __printf_ss_wp.o(.text)
    .text                                    0x08003148   Section        0  heapauxi.o(.text)
    .text                                    0x0800314e   Section        2  use_no_semi.o(.text)
    .text                                    0x08003150   Section        0  _printf_intcommon.o(.text)
    .text                                    0x08003202   Section        0  _printf_fp_dec.o(.text)
    _fp_digits                               0x08003205   Thumb Code   428  _printf_fp_dec.o(.text)
    .text                                    0x08003618   Section        0  _printf_char_file.o(.text)
    .text                                    0x0800363c   Section        8  rt_locale_intlibspace.o(.text)
    .text                                    0x08003644   Section      138  lludiv10.o(.text)
    .text                                    0x080036d0   Section        0  _printf_char_common.o(.text)
    _printf_input_char                       0x080036d1   Thumb Code    10  _printf_char_common.o(.text)
    .text                                    0x08003700   Section        0  _printf_fp_infnan.o(.text)
    .text                                    0x08003780   Section        0  bigflt0.o(.text)
    .text                                    0x08003858   Section        0  ferror.o(.text)
    .text                                    0x08003860   Section        8  libspace.o(.text)
    .text                                    0x08003868   Section       74  sys_stackheap_outer.o(.text)
    .text                                    0x080038b2   Section        0  exit.o(.text)
    .text                                    0x080038c0   Section      128  strcmpv7m.o(.text)
    CL$$btod_d2e                             0x08003940   Section       62  btod.o(CL$$btod_d2e)
    CL$$btod_d2e_denorm_low                  0x0800397e   Section       70  btod.o(CL$$btod_d2e_denorm_low)
    CL$$btod_d2e_norm_op1                    0x080039c4   Section       96  btod.o(CL$$btod_d2e_norm_op1)
    CL$$btod_div_common                      0x08003a24   Section      824  btod.o(CL$$btod_div_common)
    CL$$btod_e2e                             0x08003d5c   Section      198  btod.o(CL$$btod_e2e)
    CL$$btod_ediv                            0x08003e22   Section       40  btod.o(CL$$btod_ediv)
    CL$$btod_emul                            0x08003e4a   Section       40  btod.o(CL$$btod_emul)
    CL$$btod_mult_common                     0x08003e72   Section      580  btod.o(CL$$btod_mult_common)
    i.__ARM_fpclassify                       0x080040b6   Section        0  fpclassify.o(i.__ARM_fpclassify)
    i._is_digit                              0x080040de   Section        0  __printf_wp.o(i._is_digit)
    locale$$code                             0x080040ec   Section       44  lc_numeric_c.o(locale$$code)
    x$fpl$dadd                               0x08004118   Section      336  daddsub_clz.o(x$fpl$dadd)
    _dadd1                                   0x08004129   Thumb Code     0  daddsub_clz.o(x$fpl$dadd)
    x$fpl$dcmpinf                            0x08004268   Section       24  dcmpi.o(x$fpl$dcmpinf)
    x$fpl$ddiv                               0x08004280   Section      688  ddiv.o(x$fpl$ddiv)
    ddiv_entry                               0x08004287   Thumb Code     0  ddiv.o(x$fpl$ddiv)
    x$fpl$dfixu                              0x08004530   Section       90  dfixu.o(x$fpl$dfixu)
    x$fpl$dflt                               0x0800458a   Section       46  dflt_clz.o(x$fpl$dflt)
    x$fpl$dleqf                              0x080045b8   Section      120  dleqf.o(x$fpl$dleqf)
    x$fpl$dmul                               0x08004630   Section      340  dmul.o(x$fpl$dmul)
    x$fpl$dnaninf                            0x08004784   Section      156  dnaninf.o(x$fpl$dnaninf)
    x$fpl$dretinf                            0x08004820   Section       12  dretinf.o(x$fpl$dretinf)
    x$fpl$drleqf                             0x0800482c   Section      108  drleqf.o(x$fpl$drleqf)
    x$fpl$dsub                               0x08004898   Section      468  daddsub_clz.o(x$fpl$dsub)
    _dsub1                                   0x080048a9   Thumb Code     0  daddsub_clz.o(x$fpl$dsub)
    x$fpl$printf1                            0x08004a6c   Section        4  printf1.o(x$fpl$printf1)
    .constdata                               0x08004a70   Section      148  bigflt0.o(.constdata)
    x$fpl$usenofp                            0x08004a70   Section        0  usenofp.o(x$fpl$usenofp)
    tenpwrs_x                                0x08004a70   Data          60  bigflt0.o(.constdata)
    tenpwrs_i                                0x08004aac   Data          64  bigflt0.o(.constdata)
    locale$$data                             0x08004b24   Section       28  lc_numeric_c.o(locale$$data)
    __lcnum_c_name                           0x08004b28   Data           2  lc_numeric_c.o(locale$$data)
    __lcnum_c_start                          0x08004b30   Data           0  lc_numeric_c.o(locale$$data)
    __lcnum_c_point                          0x08004b3c   Data           0  lc_numeric_c.o(locale$$data)
    __lcnum_c_thousands                      0x08004b3e   Data           0  lc_numeric_c.o(locale$$data)
    __lcnum_c_grouping                       0x08004b3f   Data           0  lc_numeric_c.o(locale$$data)
    __lcnum_c_end                            0x08004b40   Data           0  lc_numeric_c.o(locale$$data)
    .data                                    0x20000000   Section        6  usart.o(.data)
    .data                                    0x20000008   Section       14  imu_usart.o(.data)
    .data                                    0x20000016   Section        3  time.o(.data)
    .data                                    0x2000001c   Section        4  control.o(.data)
    .data                                    0x20000020   Section       20  stm32f10x_rcc.o(.data)
    APBAHBPrescTable                         0x20000020   Data          16  stm32f10x_rcc.o(.data)
    ADCPrescTable                            0x20000030   Data           4  stm32f10x_rcc.o(.data)
    .data                                    0x20000034   Section       20  system_stm32f10x.o(.data)
    .bss                                     0x20000048   Section       11  usart.o(.bss)
    data_buffer2                             0x20000048   Data          11  usart.o(.bss)
    .bss                                     0x20000058   Section       83  imu_usart.o(.bss)
    .bss                                     0x200000b0   Section      192  control.o(.bss)
    .bss                                     0x20000170   Section       96  libspace.o(.bss)
    HEAP                                     0x200001d0   Section      512  startup_stm32f10x_md.o(HEAP)
    Heap_Mem                                 0x200001d0   Data         512  startup_stm32f10x_md.o(HEAP)
    STACK                                    0x200003d0   Section     1024  startup_stm32f10x_md.o(STACK)
    Stack_Mem                                0x200003d0   Data        1024  startup_stm32f10x_md.o(STACK)
    __initial_sp                             0x200007d0   Data           0  startup_stm32f10x_md.o(STACK)

    Global Symbols

    Symbol Name                              Value     Ov Type        Size  Object(Section)

    BuildAttributes$$THM_ISAv4$P$D$K$B$S$PE$A:L22UL41UL21$X:L11$S22US41US21$IEEE1$IW$USESV6$~STKCKD$USESV7$~SHL$OTIME$ROPI$IEEEJ$EBA8$UX$STANDARDLIB$REQ8$PRES8$EABIv2 0x00000000   Number         0  anon$$obj.o ABSOLUTE
    __ARM_use_no_argv                        0x00000000   Number         0  main.o ABSOLUTE
    _printf_flags                            0x00000000   Number         0  printf_stubs.o ABSOLUTE
    _printf_return_value                     0x00000000   Number         0  printf_stubs.o ABSOLUTE
    _printf_sizespec                         0x00000000   Number         0  printf_stubs.o ABSOLUTE
    _printf_widthprec                        0x00000000   Number         0  printf_stubs.o ABSOLUTE
    __ARM_exceptions_init                     - Undefined Weak Reference
    __alloca_initialize                       - Undefined Weak Reference
    __cpp_initialize__aeabi_                  - Undefined Weak Reference
    __cxa_finalize                            - Undefined Weak Reference
    __sigvec_lookup                           - Undefined Weak Reference
    _atexit_init                              - Undefined Weak Reference
    _call_atexit_fns                          - Undefined Weak Reference
    _clock_init                               - Undefined Weak Reference
    _fp_trap_init                             - Undefined Weak Reference
    _fp_trap_shutdown                         - Undefined Weak Reference
    _get_lc_collate                           - Undefined Weak Reference
    _get_lc_ctype                             - Undefined Weak Reference
    _get_lc_monetary                          - Undefined Weak Reference
    _get_lc_time                              - Undefined Weak Reference
    _getenv_init                              - Undefined Weak Reference
    _handle_redirection                       - Undefined Weak Reference
    _init_alloc                               - Undefined Weak Reference
    _init_user_alloc                          - Undefined Weak Reference
    _initio                                   - Undefined Weak Reference
    _mutex_acquire                            - Undefined Weak Reference
    _mutex_release                            - Undefined Weak Reference
    _printf_truncate_signed                   - Undefined Weak Reference
    _printf_truncate_unsigned                 - Undefined Weak Reference
    _rand_init                                - Undefined Weak Reference
    _signal_finish                            - Undefined Weak Reference
    _signal_init                              - Undefined Weak Reference
    _terminate_alloc                          - Undefined Weak Reference
    _terminate_user_alloc                     - Undefined Weak Reference
    _terminateio                              - Undefined Weak Reference
    __Vectors_Size                           0x000000ec   Number         0  startup_stm32f10x_md.o ABSOLUTE
    __Vectors                                0x08000000   Data           4  startup_stm32f10x_md.o(RESET)
    __Vectors_End                            0x080000ec   Data           0  startup_stm32f10x_md.o(RESET)
    __main                                   0x080000ed   Thumb Code     8  __main.o(!!!main)
    __scatterload                            0x080000f5   Thumb Code     0  __scatter.o(!!!scatter)
    __scatterload_rt2                        0x080000f5   Thumb Code    44  __scatter.o(!!!scatter)
    __scatterload_rt2_thumb_only             0x080000f5   Thumb Code     0  __scatter.o(!!!scatter)
    __scatterload_null                       0x08000103   Thumb Code     0  __scatter.o(!!!scatter)
    __scatterload_copy                       0x08000129   Thumb Code    26  __scatter_copy.o(!!handler_copy)
    __scatterload_zeroinit                   0x08000145   Thumb Code    28  __scatter_zi.o(!!handler_zi)
    _printf_f                                0x08000161   Thumb Code     0  _printf_f.o(.ARM.Collect$$_printf_percent$$00000003)
    _printf_percent                          0x08000161   Thumb Code     0  _printf_percent.o(.ARM.Collect$$_printf_percent$$00000000)
    _printf_d                                0x08000167   Thumb Code     0  _printf_d.o(.ARM.Collect$$_printf_percent$$00000009)
    _printf_percent_end                      0x0800016d   Thumb Code     0  _printf_percent_end.o(.ARM.Collect$$_printf_percent$$00000017)
    __rt_lib_init                            0x08000171   Thumb Code     0  libinit.o(.ARM.Collect$$libinit$$00000000)
    __rt_lib_init_fp_1                       0x08000173   Thumb Code     0  libinit2.o(.ARM.Collect$$libinit$$00000002)
    __rt_lib_init_heap_1                     0x08000173   Thumb Code     0  libinit2.o(.ARM.Collect$$libinit$$00000008)
    __rt_lib_init_lc_common                  0x08000173   Thumb Code     0  libinit2.o(.ARM.Collect$$libinit$$0000000D)
    __rt_lib_init_rand_1                     0x08000173   Thumb Code     0  libinit2.o(.ARM.Collect$$libinit$$0000000C)
    __rt_lib_init_user_alloc_1               0x08000173   Thumb Code     0  libinit2.o(.ARM.Collect$$libinit$$0000000A)
    __rt_lib_init_lc_collate_1               0x08000179   Thumb Code     0  libinit2.o(.ARM.Collect$$libinit$$0000000F)
    __rt_lib_init_lc_ctype_1                 0x08000179   Thumb Code     0  libinit2.o(.ARM.Collect$$libinit$$00000011)
    __rt_lib_init_lc_monetary_1              0x08000179   Thumb Code     0  libinit2.o(.ARM.Collect$$libinit$$00000013)
    __rt_lib_init_lc_numeric_2               0x08000179   Thumb Code     0  libinit2.o(.ARM.Collect$$libinit$$00000014)
    __rt_lib_init_alloca_1                   0x08000183   Thumb Code     0  libinit2.o(.ARM.Collect$$libinit$$0000002C)
    __rt_lib_init_argv_1                     0x08000183   Thumb Code     0  libinit2.o(.ARM.Collect$$libinit$$0000002A)
    __rt_lib_init_atexit_1                   0x08000183   Thumb Code     0  libinit2.o(.ARM.Collect$$libinit$$00000019)
    __rt_lib_init_clock_1                    0x08000183   Thumb Code     0  libinit2.o(.ARM.Collect$$libinit$$0000001F)
    __rt_lib_init_cpp_1                      0x08000183   Thumb Code     0  libinit2.o(.ARM.Collect$$libinit$$00000030)
    __rt_lib_init_exceptions_1               0x08000183   Thumb Code     0  libinit2.o(.ARM.Collect$$libinit$$0000002E)
    __rt_lib_init_fp_trap_1                  0x08000183   Thumb Code     0  libinit2.o(.ARM.Collect$$libinit$$0000001D)
    __rt_lib_init_getenv_1                   0x08000183   Thumb Code     0  libinit2.o(.ARM.Collect$$libinit$$00000021)
    __rt_lib_init_lc_numeric_1               0x08000183   Thumb Code     0  libinit2.o(.ARM.Collect$$libinit$$00000015)
    __rt_lib_init_lc_time_1                  0x08000183   Thumb Code     0  libinit2.o(.ARM.Collect$$libinit$$00000017)
    __rt_lib_init_return                     0x08000183   Thumb Code     0  libinit2.o(.ARM.Collect$$libinit$$00000031)
    __rt_lib_init_signal_1                   0x08000183   Thumb Code     0  libinit2.o(.ARM.Collect$$libinit$$0000001B)
    __rt_lib_init_stdio_1                    0x08000183   Thumb Code     0  libinit2.o(.ARM.Collect$$libinit$$00000023)
    __rt_lib_shutdown                        0x08000185   Thumb Code     0  libshutdown.o(.ARM.Collect$$libshutdown$$00000000)
    __rt_lib_shutdown_fp_trap_1              0x08000187   Thumb Code     0  libshutdown2.o(.ARM.Collect$$libshutdown$$00000006)
    __rt_lib_shutdown_heap_1                 0x08000187   Thumb Code     0  libshutdown2.o(.ARM.Collect$$libshutdown$$0000000E)
    __rt_lib_shutdown_return                 0x08000187   Thumb Code     0  libshutdown2.o(.ARM.Collect$$libshutdown$$0000000F)
    __rt_lib_shutdown_signal_1               0x08000187   Thumb Code     0  libshutdown2.o(.ARM.Collect$$libshutdown$$00000009)
    __rt_lib_shutdown_stdio_1                0x08000187   Thumb Code     0  libshutdown2.o(.ARM.Collect$$libshutdown$$00000003)
    __rt_lib_shutdown_user_alloc_1           0x08000187   Thumb Code     0  libshutdown2.o(.ARM.Collect$$libshutdown$$0000000B)
    __rt_entry                               0x08000189   Thumb Code     0  rtentry.o(.ARM.Collect$$rtentry$$00000000)
    __rt_entry_presh_1                       0x08000189   Thumb Code     0  rtentry2.o(.ARM.Collect$$rtentry$$00000002)
    __rt_entry_sh                            0x08000189   Thumb Code     0  rtentry4.o(.ARM.Collect$$rtentry$$00000004)
    __rt_entry_li                            0x0800018f   Thumb Code     0  rtentry2.o(.ARM.Collect$$rtentry$$0000000A)
    __rt_entry_postsh_1                      0x0800018f   Thumb Code     0  rtentry2.o(.ARM.Collect$$rtentry$$00000009)
    __rt_entry_main                          0x08000193   Thumb Code     0  rtentry2.o(.ARM.Collect$$rtentry$$0000000D)
    __rt_entry_postli_1                      0x08000193   Thumb Code     0  rtentry2.o(.ARM.Collect$$rtentry$$0000000C)
    __rt_exit                                0x0800019b   Thumb Code     0  rtexit.o(.ARM.Collect$$rtexit$$00000000)
    __rt_exit_ls                             0x0800019d   Thumb Code     0  rtexit2.o(.ARM.Collect$$rtexit$$00000003)
    __rt_exit_prels_1                        0x0800019d   Thumb Code     0  rtexit2.o(.ARM.Collect$$rtexit$$00000002)
    __rt_exit_exit                           0x080001a1   Thumb Code     0  rtexit2.o(.ARM.Collect$$rtexit$$00000004)
    init                                     0x080001a9   Thumb Code    98  main.o(.text)
    main                                     0x0800020b   Thumb Code    20  main.o(.text)
    Usart_Configuration                      0x08000235   Thumb Code   166  usart.o(.text)
    Usart_NVIC_Configuration                 0x080002db   Thumb Code    38  usart.o(.text)
    _sys_exit                                0x08000301   Thumb Code     6  usart.o(.text)
    fputc                                    0x08000307   Thumb Code    24  usart.o(.text)
    USART1_Putc                              0x0800031f   Thumb Code    22  usart.o(.text)
    USART1_Puts                              0x08000335   Thumb Code    34  usart.o(.text)
    USART1_Send_Enter                        0x08000357   Thumb Code    16  usart.o(.text)
    Usart2_Configuration                     0x08000367   Thumb Code   168  usart.o(.text)
    Usart2_NVIC_Configuration                0x0800040f   Thumb Code    40  usart.o(.text)
    USART1_IRQHandler                        0x08000437   Thumb Code   350  usart.o(.text)
    USART2_IRQHandler                        0x08000595   Thumb Code    98  usart.o(.text)
    TIM4_Configuration                       0x08000661   Thumb Code   190  pwm.o(.text)
    PWMConfig                                0x0800071f   Thumb Code     8  pwm.o(.text)
    PWMChangeDuty                            0x08000727   Thumb Code   166  pwm.o(.text)
    PWMChangeValue                           0x080007cd   Thumb Code    34  pwm.o(.text)
    RCC_HSE_Configuration                    0x080007f9   Thumb Code    90  delay.o(.text)
    delay                                    0x08000853   Thumb Code    10  delay.o(.text)
    delay_us                                 0x0800085d   Thumb Code    54  delay.o(.text)
    delay_ms                                 0x08000893   Thumb Code    56  delay.o(.text)
    delay_s                                  0x080008cb   Thumb Code    72  delay.o(.text)
    DECODE_IMU_DATA                          0x08000919   Thumb Code   890  imu_usart.o(.text)
    IMUInit                                  0x08000c93   Thumb Code    58  imu_usart.o(.text)
    TIM3_Configuration                       0x08000cf9   Thumb Code   106  time.o(.text)
    TIM3_IRQHandler                          0x08000d63   Thumb Code    28  time.o(.text)
    MotorUnlock                              0x08000d8d   Thumb Code    58  control.o(.text)
    MotorRangeAdjust                         0x08000dc7   Thumb Code   112  control.o(.text)
    CopterAdjustInit                         0x08000e37   Thumb Code   106  control.o(.text)
    CopterAdjust                             0x08000ea1   Thumb Code  1068  control.o(.text)
    NVIC_PriorityGroupConfig                 0x080012e9   Thumb Code    10  misc.o(.text)
    NVIC_Init                                0x080012f3   Thumb Code   100  misc.o(.text)
    NVIC_SetVectorTable                      0x08001357   Thumb Code    14  misc.o(.text)
    NVIC_SystemLPConfig                      0x08001365   Thumb Code    34  misc.o(.text)
    SysTick_CLKSourceConfig                  0x08001387   Thumb Code    40  misc.o(.text)
    GPIO_DeInit                              0x080013c5   Thumb Code   172  stm32f10x_gpio.o(.text)
    GPIO_AFIODeInit                          0x08001471   Thumb Code    20  stm32f10x_gpio.o(.text)
    GPIO_Init                                0x08001485   Thumb Code   278  stm32f10x_gpio.o(.text)
    GPIO_StructInit                          0x0800159b   Thumb Code    16  stm32f10x_gpio.o(.text)
    GPIO_ReadInputDataBit                    0x080015ab   Thumb Code    18  stm32f10x_gpio.o(.text)
    GPIO_ReadInputData                       0x080015bd   Thumb Code     8  stm32f10x_gpio.o(.text)
    GPIO_ReadOutputDataBit                   0x080015c5   Thumb Code    18  stm32f10x_gpio.o(.text)
    GPIO_ReadOutputData                      0x080015d7   Thumb Code     8  stm32f10x_gpio.o(.text)
    GPIO_SetBits                             0x080015df   Thumb Code     4  stm32f10x_gpio.o(.text)
    GPIO_ResetBits                           0x080015e3   Thumb Code     4  stm32f10x_gpio.o(.text)
    GPIO_WriteBit                            0x080015e7   Thumb Code    10  stm32f10x_gpio.o(.text)
    GPIO_Write                               0x080015f1   Thumb Code     4  stm32f10x_gpio.o(.text)
    GPIO_PinLockConfig                       0x080015f5   Thumb Code    18  stm32f10x_gpio.o(.text)
    GPIO_EventOutputConfig                   0x08001607   Thumb Code    26  stm32f10x_gpio.o(.text)
    GPIO_EventOutputCmd                      0x08001621   Thumb Code     6  stm32f10x_gpio.o(.text)
    GPIO_PinRemapConfig                      0x08001627   Thumb Code   138  stm32f10x_gpio.o(.text)
    GPIO_EXTILineConfig                      0x080016b1   Thumb Code    66  stm32f10x_gpio.o(.text)
    GPIO_ETH_MediaInterfaceConfig            0x080016f3   Thumb Code     8  stm32f10x_gpio.o(.text)
    RCC_DeInit                               0x08001721   Thumb Code    64  stm32f10x_rcc.o(.text)
    RCC_HSEConfig                            0x08001761   Thumb Code    70  stm32f10x_rcc.o(.text)
    RCC_GetFlagStatus                        0x080017a7   Thumb Code    56  stm32f10x_rcc.o(.text)
    RCC_WaitForHSEStartUp                    0x080017df   Thumb Code    56  stm32f10x_rcc.o(.text)
    RCC_AdjustHSICalibrationValue            0x08001817   Thumb Code    20  stm32f10x_rcc.o(.text)
    RCC_HSICmd                               0x0800182b   Thumb Code     6  stm32f10x_rcc.o(.text)
    RCC_PLLConfig                            0x08001831   Thumb Code    24  stm32f10x_rcc.o(.text)
    RCC_PLLCmd                               0x08001849   Thumb Code     6  stm32f10x_rcc.o(.text)
    RCC_SYSCLKConfig                         0x0800184f   Thumb Code    18  stm32f10x_rcc.o(.text)
    RCC_GetSYSCLKSource                      0x08001861   Thumb Code    10  stm32f10x_rcc.o(.text)
    RCC_HCLKConfig                           0x0800186b   Thumb Code    18  stm32f10x_rcc.o(.text)
    RCC_PCLK1Config                          0x0800187d   Thumb Code    18  stm32f10x_rcc.o(.text)
    RCC_PCLK2Config                          0x0800188f   Thumb Code    20  stm32f10x_rcc.o(.text)
    RCC_ITConfig                             0x080018a3   Thumb Code    26  stm32f10x_rcc.o(.text)
    RCC_USBCLKConfig                         0x080018bd   Thumb Code     8  stm32f10x_rcc.o(.text)
    RCC_ADCCLKConfig                         0x080018c5   Thumb Code    18  stm32f10x_rcc.o(.text)
    RCC_LSEConfig                            0x080018d7   Thumb Code    50  stm32f10x_rcc.o(.text)
    RCC_LSICmd                               0x08001909   Thumb Code     6  stm32f10x_rcc.o(.text)
    RCC_RTCCLKConfig                         0x0800190f   Thumb Code    12  stm32f10x_rcc.o(.text)
    RCC_RTCCLKCmd                            0x0800191b   Thumb Code     8  stm32f10x_rcc.o(.text)
    RCC_GetClocksFreq                        0x08001923   Thumb Code   192  stm32f10x_rcc.o(.text)
    RCC_AHBPeriphClockCmd                    0x080019e3   Thumb Code    26  stm32f10x_rcc.o(.text)
    RCC_APB2PeriphClockCmd                   0x080019fd   Thumb Code    26  stm32f10x_rcc.o(.text)
    RCC_APB1PeriphClockCmd                   0x08001a17   Thumb Code    26  stm32f10x_rcc.o(.text)
    RCC_APB2PeriphResetCmd                   0x08001a31   Thumb Code    26  stm32f10x_rcc.o(.text)
    RCC_APB1PeriphResetCmd                   0x08001a4b   Thumb Code    26  stm32f10x_rcc.o(.text)
    RCC_BackupResetCmd                       0x08001a65   Thumb Code     8  stm32f10x_rcc.o(.text)
    RCC_ClockSecuritySystemCmd               0x08001a6d   Thumb Code     6  stm32f10x_rcc.o(.text)
    RCC_MCOConfig                            0x08001a73   Thumb Code     6  stm32f10x_rcc.o(.text)
    RCC_ClearFlag                            0x08001a79   Thumb Code    14  stm32f10x_rcc.o(.text)
    RCC_GetITStatus                          0x08001a87   Thumb Code    20  stm32f10x_rcc.o(.text)
    RCC_ClearITPendingBit                    0x08001a9b   Thumb Code     6  stm32f10x_rcc.o(.text)
    TIM_DeInit                               0x08001ac5   Thumb Code   424  stm32f10x_tim.o(.text)
    TIM_TimeBaseInit                         0x08001c6d   Thumb Code   122  stm32f10x_tim.o(.text)
    TIM_OC1Init                              0x08001ce7   Thumb Code   132  stm32f10x_tim.o(.text)
    TIM_OC2Init                              0x08001d6b   Thumb Code   154  stm32f10x_tim.o(.text)
    TIM_OC3Init                              0x08001e05   Thumb Code   150  stm32f10x_tim.o(.text)
    TIM_OC4Init                              0x08001e9b   Thumb Code   182  stm32f10x_tim.o(.text)
    TIM_SetIC4Prescaler                      0x08001f51   Thumb Code    26  stm32f10x_tim.o(.text)
    TIM_SetIC3Prescaler                      0x08001fed   Thumb Code    18  stm32f10x_tim.o(.text)
    TIM_SetIC2Prescaler                      0x08002079   Thumb Code    26  stm32f10x_tim.o(.text)
    TIM_SetIC1Prescaler                      0x08002115   Thumb Code    18  stm32f10x_tim.o(.text)
    TIM_ICInit                               0x08002193   Thumb Code   150  stm32f10x_tim.o(.text)
    TIM_PWMIConfig                           0x08002229   Thumb Code   124  stm32f10x_tim.o(.text)
    TIM_BDTRConfig                           0x080022a5   Thumb Code    32  stm32f10x_tim.o(.text)
    TIM_TimeBaseStructInit                   0x080022c5   Thumb Code    18  stm32f10x_tim.o(.text)
    TIM_OCStructInit                         0x080022d7   Thumb Code    20  stm32f10x_tim.o(.text)
    TIM_ICStructInit                         0x080022eb   Thumb Code    18  stm32f10x_tim.o(.text)
    TIM_BDTRStructInit                       0x080022fd   Thumb Code    40  stm32f10x_tim.o(.text)
    TIM_Cmd                                  0x08002325   Thumb Code    24  stm32f10x_tim.o(.text)
    TIM_CtrlPWMOutputs                       0x0800233d   Thumb Code    30  stm32f10x_tim.o(.text)
    TIM_ITConfig                             0x0800235b   Thumb Code    18  stm32f10x_tim.o(.text)
    TIM_GenerateEvent                        0x0800236d   Thumb Code     4  stm32f10x_tim.o(.text)
    TIM_DMAConfig                            0x08002371   Thumb Code    10  stm32f10x_tim.o(.text)
    TIM_DMACmd                               0x0800237b   Thumb Code    18  stm32f10x_tim.o(.text)
    TIM_InternalClockConfig                  0x0800238d   Thumb Code    12  stm32f10x_tim.o(.text)
    TIM_SelectInputTrigger                   0x08002399   Thumb Code    18  stm32f10x_tim.o(.text)
    TIM_ITRxExternalClockConfig              0x080023ab   Thumb Code    24  stm32f10x_tim.o(.text)
    TIM_TIxExternalClockConfig               0x080023c3   Thumb Code    62  stm32f10x_tim.o(.text)
    TIM_ETRConfig                            0x08002401   Thumb Code    28  stm32f10x_tim.o(.text)
    TIM_ETRClockMode1Config                  0x0800241d   Thumb Code    54  stm32f10x_tim.o(.text)
    TIM_ETRClockMode2Config                  0x08002453   Thumb Code    32  stm32f10x_tim.o(.text)
    TIM_PrescalerConfig                      0x08002473   Thumb Code     6  stm32f10x_tim.o(.text)
    TIM_CounterModeConfig                    0x08002479   Thumb Code    18  stm32f10x_tim.o(.text)
    TIM_EncoderInterfaceConfig               0x0800248b   Thumb Code    66  stm32f10x_tim.o(.text)
    TIM_ForcedOC1Config                      0x080024cd   Thumb Code    18  stm32f10x_tim.o(.text)
    TIM_ForcedOC2Config                      0x080024df   Thumb Code    26  stm32f10x_tim.o(.text)
    TIM_ForcedOC3Config                      0x080024f9   Thumb Code    18  stm32f10x_tim.o(.text)
    TIM_ForcedOC4Config                      0x0800250b   Thumb Code    26  stm32f10x_tim.o(.text)
    TIM_ARRPreloadConfig                     0x08002525   Thumb Code    24  stm32f10x_tim.o(.text)
    TIM_SelectCOM                            0x0800253d   Thumb Code    24  stm32f10x_tim.o(.text)
    TIM_SelectCCDMA                          0x08002555   Thumb Code    24  stm32f10x_tim.o(.text)
    TIM_CCPreloadControl                     0x0800256d   Thumb Code    24  stm32f10x_tim.o(.text)
    TIM_OC1PreloadConfig                     0x08002585   Thumb Code    18  stm32f10x_tim.o(.text)
    TIM_OC2PreloadConfig                     0x08002597   Thumb Code    26  stm32f10x_tim.o(.text)
    TIM_OC3PreloadConfig                     0x080025b1   Thumb Code    18  stm32f10x_tim.o(.text)
    TIM_OC4PreloadConfig                     0x080025c3   Thumb Code    26  stm32f10x_tim.o(.text)
    TIM_OC1FastConfig                        0x080025dd   Thumb Code    18  stm32f10x_tim.o(.text)
    TIM_OC2FastConfig                        0x080025ef   Thumb Code    26  stm32f10x_tim.o(.text)
    TIM_OC3FastConfig                        0x08002609   Thumb Code    18  stm32f10x_tim.o(.text)
    TIM_OC4FastConfig                        0x0800261b   Thumb Code    26  stm32f10x_tim.o(.text)
    TIM_ClearOC1Ref                          0x08002635   Thumb Code    18  stm32f10x_tim.o(.text)
    TIM_ClearOC2Ref                          0x08002647   Thumb Code    24  stm32f10x_tim.o(.text)
    TIM_ClearOC3Ref                          0x0800265f   Thumb Code    18  stm32f10x_tim.o(.text)
    TIM_ClearOC4Ref                          0x08002671   Thumb Code    24  stm32f10x_tim.o(.text)
    TIM_OC1PolarityConfig                    0x08002689   Thumb Code    18  stm32f10x_tim.o(.text)
    TIM_OC1NPolarityConfig                   0x0800269b   Thumb Code    18  stm32f10x_tim.o(.text)
    TIM_OC2PolarityConfig                    0x080026ad   Thumb Code    26  stm32f10x_tim.o(.text)
    TIM_OC2NPolarityConfig                   0x080026c7   Thumb Code    26  stm32f10x_tim.o(.text)
    TIM_OC3PolarityConfig                    0x080026e1   Thumb Code    26  stm32f10x_tim.o(.text)
    TIM_OC3NPolarityConfig                   0x080026fb   Thumb Code    26  stm32f10x_tim.o(.text)
    TIM_OC4PolarityConfig                    0x08002715   Thumb Code    26  stm32f10x_tim.o(.text)
    TIM_CCxCmd                               0x0800272f   Thumb Code    30  stm32f10x_tim.o(.text)
    TIM_CCxNCmd                              0x0800274d   Thumb Code    30  stm32f10x_tim.o(.text)
    TIM_SelectOCxM                           0x0800276b   Thumb Code    82  stm32f10x_tim.o(.text)
    TIM_UpdateDisableConfig                  0x080027bd   Thumb Code    24  stm32f10x_tim.o(.text)
    TIM_UpdateRequestConfig                  0x080027d5   Thumb Code    24  stm32f10x_tim.o(.text)
    TIM_SelectHallSensor                     0x080027ed   Thumb Code    24  stm32f10x_tim.o(.text)
    TIM_SelectOnePulseMode                   0x08002805   Thumb Code    18  stm32f10x_tim.o(.text)
    TIM_SelectOutputTrigger                  0x08002817   Thumb Code    18  stm32f10x_tim.o(.text)
    TIM_SelectSlaveMode                      0x08002829   Thumb Code    18  stm32f10x_tim.o(.text)
    TIM_SelectMasterSlaveMode                0x0800283b   Thumb Code    18  stm32f10x_tim.o(.text)
    TIM_SetCounter                           0x0800284d   Thumb Code     4  stm32f10x_tim.o(.text)
    TIM_SetAutoreload                        0x08002851   Thumb Code     4  stm32f10x_tim.o(.text)
    TIM_SetCompare1                          0x08002855   Thumb Code     4  stm32f10x_tim.o(.text)
    TIM_SetCompare2                          0x08002859   Thumb Code     4  stm32f10x_tim.o(.text)
    TIM_SetCompare3                          0x0800285d   Thumb Code     4  stm32f10x_tim.o(.text)
    TIM_SetCompare4                          0x08002861   Thumb Code     6  stm32f10x_tim.o(.text)
    TIM_SetClockDivision                     0x08002867   Thumb Code    18  stm32f10x_tim.o(.text)
    TIM_GetCapture1                          0x08002879   Thumb Code     6  stm32f10x_tim.o(.text)
    TIM_GetCapture2                          0x0800287f   Thumb Code     6  stm32f10x_tim.o(.text)
    TIM_GetCapture3                          0x08002885   Thumb Code     6  stm32f10x_tim.o(.text)
    TIM_GetCapture4                          0x0800288b   Thumb Code     8  stm32f10x_tim.o(.text)
    TIM_GetCounter                           0x08002893   Thumb Code     6  stm32f10x_tim.o(.text)
    TIM_GetPrescaler                         0x08002899   Thumb Code     6  stm32f10x_tim.o(.text)
    TIM_GetFlagStatus                        0x0800289f   Thumb Code    18  stm32f10x_tim.o(.text)
    TIM_ClearFlag                            0x080028b1   Thumb Code     6  stm32f10x_tim.o(.text)
    TIM_GetITStatus                          0x080028b7   Thumb Code    34  stm32f10x_tim.o(.text)
    TIM_ClearITPendingBit                    0x080028d9   Thumb Code     6  stm32f10x_tim.o(.text)
    Reset_Handler                            0x080028e1   Thumb Code     8  startup_stm32f10x_md.o(.text)
    NMI_Handler                              0x080028e9   Thumb Code     2  startup_stm32f10x_md.o(.text)
    HardFault_Handler                        0x080028eb   Thumb Code     2  startup_stm32f10x_md.o(.text)
    MemManage_Handler                        0x080028ed   Thumb Code     2  startup_stm32f10x_md.o(.text)
    BusFault_Handler                         0x080028ef   Thumb Code     2  startup_stm32f10x_md.o(.text)
    UsageFault_Handler                       0x080028f1   Thumb Code     2  startup_stm32f10x_md.o(.text)
    SVC_Handler                              0x080028f3   Thumb Code     2  startup_stm32f10x_md.o(.text)
    DebugMon_Handler                         0x080028f5   Thumb Code     2  startup_stm32f10x_md.o(.text)
    PendSV_Handler                           0x080028f7   Thumb Code     2  startup_stm32f10x_md.o(.text)
    SysTick_Handler                          0x080028f9   Thumb Code     2  startup_stm32f10x_md.o(.text)
    ADC1_2_IRQHandler                        0x080028fb   Thumb Code     0  startup_stm32f10x_md.o(.text)
    CAN1_RX1_IRQHandler                      0x080028fb   Thumb Code     0  startup_stm32f10x_md.o(.text)
    CAN1_SCE_IRQHandler                      0x080028fb   Thumb Code     0  startup_stm32f10x_md.o(.text)
    DMA1_Channel1_IRQHandler                 0x080028fb   Thumb Code     0  startup_stm32f10x_md.o(.text)
    DMA1_Channel2_IRQHandler                 0x080028fb   Thumb Code     0  startup_stm32f10x_md.o(.text)
    DMA1_Channel3_IRQHandler                 0x080028fb   Thumb Code     0  startup_stm32f10x_md.o(.text)
    DMA1_Channel4_IRQHandler                 0x080028fb   Thumb Code     0  startup_stm32f10x_md.o(.text)
    DMA1_Channel5_IRQHandler                 0x080028fb   Thumb Code     0  startup_stm32f10x_md.o(.text)
    DMA1_Channel6_IRQHandler                 0x080028fb   Thumb Code     0  startup_stm32f10x_md.o(.text)
    DMA1_Channel7_IRQHandler                 0x080028fb   Thumb Code     0  startup_stm32f10x_md.o(.text)
    EXTI0_IRQHandler                         0x080028fb   Thumb Code     0  startup_stm32f10x_md.o(.text)
    EXTI15_10_IRQHandler                     0x080028fb   Thumb Code     0  startup_stm32f10x_md.o(.text)
    EXTI1_IRQHandler                         0x080028fb   Thumb Code     0  startup_stm32f10x_md.o(.text)
    EXTI2_IRQHandler                         0x080028fb   Thumb Code     0  startup_stm32f10x_md.o(.text)
    EXTI3_IRQHandler                         0x080028fb   Thumb Code     0  startup_stm32f10x_md.o(.text)
    EXTI4_IRQHandler                         0x080028fb   Thumb Code     0  startup_stm32f10x_md.o(.text)
    EXTI9_5_IRQHandler                       0x080028fb   Thumb Code     0  startup_stm32f10x_md.o(.text)
    FLASH_IRQHandler                         0x080028fb   Thumb Code     0  startup_stm32f10x_md.o(.text)
    I2C1_ER_IRQHandler                       0x080028fb   Thumb Code     0  startup_stm32f10x_md.o(.text)
    I2C1_EV_IRQHandler                       0x080028fb   Thumb Code     0  startup_stm32f10x_md.o(.text)
    I2C2_ER_IRQHandler                       0x080028fb   Thumb Code     0  startup_stm32f10x_md.o(.text)
    I2C2_EV_IRQHandler                       0x080028fb   Thumb Code     0  startup_stm32f10x_md.o(.text)
    PVD_IRQHandler                           0x080028fb   Thumb Code     0  startup_stm32f10x_md.o(.text)
    RCC_IRQHandler                           0x080028fb   Thumb Code     0  startup_stm32f10x_md.o(.text)
    RTCAlarm_IRQHandler                      0x080028fb   Thumb Code     0  startup_stm32f10x_md.o(.text)
    RTC_IRQHandler                           0x080028fb   Thumb Code     0  startup_stm32f10x_md.o(.text)
    SPI1_IRQHandler                          0x080028fb   Thumb Code     0  startup_stm32f10x_md.o(.text)
    SPI2_IRQHandler                          0x080028fb   Thumb Code     0  startup_stm32f10x_md.o(.text)
    TAMPER_IRQHandler                        0x080028fb   Thumb Code     0  startup_stm32f10x_md.o(.text)
    TIM1_BRK_IRQHandler                      0x080028fb   Thumb Code     0  startup_stm32f10x_md.o(.text)
    TIM1_CC_IRQHandler                       0x080028fb   Thumb Code     0  startup_stm32f10x_md.o(.text)
    TIM1_TRG_COM_IRQHandler                  0x080028fb   Thumb Code     0  startup_stm32f10x_md.o(.text)
    TIM1_UP_IRQHandler                       0x080028fb   Thumb Code     0  startup_stm32f10x_md.o(.text)
    TIM2_IRQHandler                          0x080028fb   Thumb Code     0  startup_stm32f10x_md.o(.text)
    TIM4_IRQHandler                          0x080028fb   Thumb Code     0  startup_stm32f10x_md.o(.text)
    USART3_IRQHandler                        0x080028fb   Thumb Code     0  startup_stm32f10x_md.o(.text)
    USBWakeUp_IRQHandler                     0x080028fb   Thumb Code     0  startup_stm32f10x_md.o(.text)
    USB_HP_CAN1_TX_IRQHandler                0x080028fb   Thumb Code     0  startup_stm32f10x_md.o(.text)
    USB_LP_CAN1_RX0_IRQHandler               0x080028fb   Thumb Code     0  startup_stm32f10x_md.o(.text)
    WWDG_IRQHandler                          0x080028fb   Thumb Code     0  startup_stm32f10x_md.o(.text)
    __user_initial_stackheap                 0x080028fd   Thumb Code     0  startup_stm32f10x_md.o(.text)
    SystemInit                               0x080029ff   Thumb Code    78  system_stm32f10x.o(.text)
    SystemCoreClockUpdate                    0x08002a4d   Thumb Code   142  system_stm32f10x.o(.text)
    USART_DeInit                             0x08002b01   Thumb Code   134  stm32f10x_usart.o(.text)
    USART_Init                               0x08002b87   Thumb Code   210  stm32f10x_usart.o(.text)
    USART_StructInit                         0x08002c59   Thumb Code    24  stm32f10x_usart.o(.text)
    USART_ClockInit                          0x08002c71   Thumb Code    34  stm32f10x_usart.o(.text)
    USART_ClockStructInit                    0x08002c93   Thumb Code    12  stm32f10x_usart.o(.text)
    USART_Cmd                                0x08002c9f   Thumb Code    24  stm32f10x_usart.o(.text)
    USART_ITConfig                           0x08002cb7   Thumb Code    74  stm32f10x_usart.o(.text)
    USART_DMACmd                             0x08002d01   Thumb Code    18  stm32f10x_usart.o(.text)
    USART_SetAddress                         0x08002d13   Thumb Code    18  stm32f10x_usart.o(.text)
    USART_WakeUpConfig                       0x08002d25   Thumb Code    18  stm32f10x_usart.o(.text)
    USART_ReceiverWakeUpCmd                  0x08002d37   Thumb Code    24  stm32f10x_usart.o(.text)
    USART_LINBreakDetectLengthConfig         0x08002d4f   Thumb Code    18  stm32f10x_usart.o(.text)
    USART_LINCmd                             0x08002d61   Thumb Code    24  stm32f10x_usart.o(.text)
    USART_SendData                           0x08002d79   Thumb Code     8  stm32f10x_usart.o(.text)
    USART_ReceiveData                        0x08002d81   Thumb Code    10  stm32f10x_usart.o(.text)
    USART_SendBreak                          0x08002d8b   Thumb Code    10  stm32f10x_usart.o(.text)
    USART_SetGuardTime                       0x08002d95   Thumb Code    16  stm32f10x_usart.o(.text)
    USART_SetPrescaler                       0x08002da5   Thumb Code    16  stm32f10x_usart.o(.text)
    USART_SmartCardCmd                       0x08002db5   Thumb Code    24  stm32f10x_usart.o(.text)
    USART_SmartCardNACKCmd                   0x08002dcd   Thumb Code    24  stm32f10x_usart.o(.text)
    USART_HalfDuplexCmd                      0x08002de5   Thumb Code    24  stm32f10x_usart.o(.text)
    USART_OverSampling8Cmd                   0x08002dfd   Thumb Code    22  stm32f10x_usart.o(.text)
    USART_OneBitMethodCmd                    0x08002e13   Thumb Code    24  stm32f10x_usart.o(.text)
    USART_IrDAConfig                         0x08002e2b   Thumb Code    18  stm32f10x_usart.o(.text)
    USART_IrDACmd                            0x08002e3d   Thumb Code    24  stm32f10x_usart.o(.text)
    USART_GetFlagStatus                      0x08002e55   Thumb Code    26  stm32f10x_usart.o(.text)
    USART_ClearFlag                          0x08002e6f   Thumb Code    18  stm32f10x_usart.o(.text)
    USART_GetITStatus                        0x08002e81   Thumb Code    84  stm32f10x_usart.o(.text)
    USART_ClearITPendingBit                  0x08002ed5   Thumb Code    52  stm32f10x_usart.o(.text)
    __use_no_semihosting                     0x08002f09   Thumb Code     2  use_no_semi_2.o(.text)
    __2printf                                0x08002f0d   Thumb Code    20  noretval__2printf.o(.text)
    _printf_pre_padding                      0x08002f25   Thumb Code    44  _printf_pad.o(.text)
    _printf_post_padding                     0x08002f51   Thumb Code    34  _printf_pad.o(.text)
    _printf_int_dec                          0x08002f75   Thumb Code   100  _printf_dec.o(.text)
    __printf                                 0x08002fe9   Thumb Code   352  __printf_ss_wp.o(.text)
    __use_two_region_memory                  0x08003149   Thumb Code     2  heapauxi.o(.text)
    __rt_heap_escrow$2region                 0x0800314b   Thumb Code     2  heapauxi.o(.text)
    __rt_heap_expand$2region                 0x0800314d   Thumb Code     2  heapauxi.o(.text)
    __I$use$semihosting                      0x0800314f   Thumb Code     0  use_no_semi.o(.text)
    __use_no_semihosting_swi                 0x0800314f   Thumb Code     2  use_no_semi.o(.text)
    _printf_int_common                       0x08003151   Thumb Code   178  _printf_intcommon.o(.text)
    __lib_sel_fp_printf                      0x08003203   Thumb Code     2  _printf_fp_dec.o(.text)
    _printf_fp_dec_real                      0x080033b1   Thumb Code   616  _printf_fp_dec.o(.text)
    _printf_char_file                        0x08003619   Thumb Code    32  _printf_char_file.o(.text)
    __rt_locale                              0x0800363d   Thumb Code     8  rt_locale_intlibspace.o(.text)
    _ll_udiv10                               0x08003645   Thumb Code   138  lludiv10.o(.text)
    _printf_char_common                      0x080036db   Thumb Code    32  _printf_char_common.o(.text)
    _printf_fp_infnan                        0x08003701   Thumb Code   112  _printf_fp_infnan.o(.text)
    _btod_etento                             0x08003781   Thumb Code   212  bigflt0.o(.text)
    ferror                                   0x08003859   Thumb Code     8  ferror.o(.text)
    __user_libspace                          0x08003861   Thumb Code     8  libspace.o(.text)
    __user_perproc_libspace                  0x08003861   Thumb Code     0  libspace.o(.text)
    __user_perthread_libspace                0x08003861   Thumb Code     0  libspace.o(.text)
    __user_setup_stackheap                   0x08003869   Thumb Code    74  sys_stackheap_outer.o(.text)
    exit                                     0x080038b3   Thumb Code    12  exit.o(.text)
    strcmp                                   0x080038c1   Thumb Code   128  strcmpv7m.o(.text)
    _btod_d2e                                0x08003941   Thumb Code    62  btod.o(CL$$btod_d2e)
    _d2e_denorm_low                          0x0800397f   Thumb Code    70  btod.o(CL$$btod_d2e_denorm_low)
    _d2e_norm_op1                            0x080039c5   Thumb Code    96  btod.o(CL$$btod_d2e_norm_op1)
    __btod_div_common                        0x08003a25   Thumb Code   696  btod.o(CL$$btod_div_common)
    _e2e                                     0x08003d5d   Thumb Code   198  btod.o(CL$$btod_e2e)
    _btod_ediv                               0x08003e23   Thumb Code    40  btod.o(CL$$btod_ediv)
    _btod_emul                               0x08003e4b   Thumb Code    40  btod.o(CL$$btod_emul)
    __btod_mult_common                       0x08003e73   Thumb Code   580  btod.o(CL$$btod_mult_common)
    __ARM_fpclassify                         0x080040b7   Thumb Code    40  fpclassify.o(i.__ARM_fpclassify)
    _is_digit                                0x080040df   Thumb Code    14  __printf_wp.o(i._is_digit)
    _get_lc_numeric                          0x080040ed   Thumb Code    44  lc_numeric_c.o(locale$$code)
    __aeabi_dadd                             0x08004119   Thumb Code     0  daddsub_clz.o(x$fpl$dadd)
    _dadd                                    0x08004119   Thumb Code   332  daddsub_clz.o(x$fpl$dadd)
    __fpl_dcmp_Inf                           0x08004269   Thumb Code    24  dcmpi.o(x$fpl$dcmpinf)
    __aeabi_ddiv                             0x08004281   Thumb Code     0  ddiv.o(x$fpl$ddiv)
    _ddiv                                    0x08004281   Thumb Code   552  ddiv.o(x$fpl$ddiv)
    __aeabi_d2uiz                            0x08004531   Thumb Code     0  dfixu.o(x$fpl$dfixu)
    _dfixu                                   0x08004531   Thumb Code    90  dfixu.o(x$fpl$dfixu)
    __aeabi_i2d                              0x0800458b   Thumb Code     0  dflt_clz.o(x$fpl$dflt)
    _dflt                                    0x0800458b   Thumb Code    46  dflt_clz.o(x$fpl$dflt)
    __aeabi_cdcmple                          0x080045b9   Thumb Code     0  dleqf.o(x$fpl$dleqf)
    _dcmple                                  0x080045b9   Thumb Code   120  dleqf.o(x$fpl$dleqf)
    __fpl_dcmple_InfNaN                      0x0800461b   Thumb Code     0  dleqf.o(x$fpl$dleqf)
    __aeabi_dmul                             0x08004631   Thumb Code     0  dmul.o(x$fpl$dmul)
    _dmul                                    0x08004631   Thumb Code   332  dmul.o(x$fpl$dmul)
    __fpl_dnaninf                            0x08004785   Thumb Code   156  dnaninf.o(x$fpl$dnaninf)
    __fpl_dretinf                            0x08004821   Thumb Code    12  dretinf.o(x$fpl$dretinf)
    __aeabi_cdrcmple                         0x0800482d   Thumb Code     0  drleqf.o(x$fpl$drleqf)
    _drcmple                                 0x0800482d   Thumb Code   108  drleqf.o(x$fpl$drleqf)
    __aeabi_dsub                             0x08004899   Thumb Code     0  daddsub_clz.o(x$fpl$dsub)
    _dsub                                    0x08004899   Thumb Code   464  daddsub_clz.o(x$fpl$dsub)
    _printf_fp_dec                           0x08004a6d   Thumb Code     4  printf1.o(x$fpl$printf1)
    __I$use$fp                               0x08004a70   Number         0  usenofp.o(x$fpl$usenofp)
    Region$$Table$$Base                      0x08004b04   Number         0  anon$$obj.o(Region$$Table)
    Region$$Table$$Limit                     0x08004b24   Number         0  anon$$obj.o(Region$$Table)
    __stdout                                 0x20000000   Data           4  usart.o(.data)
    Recieved_Count2                          0x20000004   Data           1  usart.o(.data)
    Data_Recieved_Flag                       0x20000005   Data           1  usart.o(.data)
    T                                        0x20000008   Data           8  imu_usart.o(.data)
    IsNegate                                 0x20000010   Data           3  imu_usart.o(.data)
    flag                                     0x20000013   Data           3  imu_usart.o(.data)
    timeCount_10ms                           0x20000016   Data           2  time.o(.data)
    flag10ms                                 0x20000018   Data           1  time.o(.data)
    PowerBase                                0x2000001c   Data           4  control.o(.data)
    SystemCoreClock                          0x20000034   Data           4  system_stm32f10x.o(.data)
    AHBPrescTable                            0x20000038   Data          16  system_stm32f10x.o(.data)
    IMUDataSolved                            0x20000058   Data          72  imu_usart.o(.bss)
    re_buff                                  0x200000a0   Data          11  imu_usart.o(.bss)
    ControlCopterK                           0x200000b0   Data          72  control.o(.bss)
    TargetAngle                              0x200000f8   Data          24  control.o(.bss)
    DeviationSumAngle                        0x20000110   Data          24  control.o(.bss)
    DeviationAngle                           0x20000128   Data          24  control.o(.bss)
    DeviationGYRO                            0x20000140   Data          24  control.o(.bss)
    PowerOut                                 0x20000158   Data          24  control.o(.bss)
    __libspace_start                         0x20000170   Data          96  libspace.o(.bss)
    __temporary_stack_top$libspace           0x200001d0   Data           0  libspace.o(.bss)



==============================================================================

Memory Map of the image

  Image Entry point : 0x080000ed

  Load Region LR_IROM1 (Base: 0x08000000, Size: 0x00004b88, Max: 0x00010000, ABSOLUTE)

    Execution Region ER_IROM1 (Base: 0x08000000, Size: 0x00004b40, Max: 0x00010000, ABSOLUTE)

    Base Addr    Size         Type   Attr      Idx    E Section Name        Object

    0x08000000   0x000000ec   Data   RO          356    RESET               startup_stm32f10x_md.o
    0x080000ec   0x00000008   Code   RO          446  * !!!main             c_w.l(__main.o)
    0x080000f4   0x00000034   Code   RO          691    !!!scatter          c_w.l(__scatter.o)
    0x08000128   0x0000001a   Code   RO          693    !!handler_copy      c_w.l(__scatter_copy.o)
    0x08000142   0x00000002   PAD
    0x08000144   0x0000001c   Code   RO          695    !!handler_zi        c_w.l(__scatter_zi.o)
    0x08000160   0x00000000   Code   RO          443    .ARM.Collect$$_printf_percent$$00000000  c_w.l(_printf_percent.o)
    0x08000160   0x00000006   Code   RO          442    .ARM.Collect$$_printf_percent$$00000003  c_w.l(_printf_f.o)
    0x08000166   0x00000006   Code   RO          441    .ARM.Collect$$_printf_percent$$00000009  c_w.l(_printf_d.o)
    0x0800016c   0x00000004   Code   RO          485    .ARM.Collect$$_printf_percent$$00000017  c_w.l(_printf_percent_end.o)
    0x08000170   0x00000002   Code   RO          571    .ARM.Collect$$libinit$$00000000  c_w.l(libinit.o)
    0x08000172   0x00000000   Code   RO          573    .ARM.Collect$$libinit$$00000002  c_w.l(libinit2.o)
    0x08000172   0x00000000   Code   RO          576    .ARM.Collect$$libinit$$00000008  c_w.l(libinit2.o)
    0x08000172   0x00000000   Code   RO          578    .ARM.Collect$$libinit$$0000000A  c_w.l(libinit2.o)
    0x08000172   0x00000000   Code   RO          580    .ARM.Collect$$libinit$$0000000C  c_w.l(libinit2.o)
    0x08000172   0x00000006   Code   RO          581    .ARM.Collect$$libinit$$0000000D  c_w.l(libinit2.o)
    0x08000178   0x00000000   Code   RO          583    .ARM.Collect$$libinit$$0000000F  c_w.l(libinit2.o)
    0x08000178   0x00000000   Code   RO          585    .ARM.Collect$$libinit$$00000011  c_w.l(libinit2.o)
    0x08000178   0x00000000   Code   RO          587    .ARM.Collect$$libinit$$00000013  c_w.l(libinit2.o)
    0x08000178   0x0000000a   Code   RO          588    .ARM.Collect$$libinit$$00000014  c_w.l(libinit2.o)
    0x08000182   0x00000000   Code   RO          589    .ARM.Collect$$libinit$$00000015  c_w.l(libinit2.o)
    0x08000182   0x00000000   Code   RO          591    .ARM.Collect$$libinit$$00000017  c_w.l(libinit2.o)
    0x08000182   0x00000000   Code   RO          593    .ARM.Collect$$libinit$$00000019  c_w.l(libinit2.o)
    0x08000182   0x00000000   Code   RO          595    .ARM.Collect$$libinit$$0000001B  c_w.l(libinit2.o)
    0x08000182   0x00000000   Code   RO          597    .ARM.Collect$$libinit$$0000001D  c_w.l(libinit2.o)
    0x08000182   0x00000000   Code   RO          599    .ARM.Collect$$libinit$$0000001F  c_w.l(libinit2.o)
    0x08000182   0x00000000   Code   RO          601    .ARM.Collect$$libinit$$00000021  c_w.l(libinit2.o)
    0x08000182   0x00000000   Code   RO          603    .ARM.Collect$$libinit$$00000023  c_w.l(libinit2.o)
    0x08000182   0x00000000   Code   RO          607    .ARM.Collect$$libinit$$0000002A  c_w.l(libinit2.o)
    0x08000182   0x00000000   Code   RO          609    .ARM.Collect$$libinit$$0000002C  c_w.l(libinit2.o)
    0x08000182   0x00000000   Code   RO          611    .ARM.Collect$$libinit$$0000002E  c_w.l(libinit2.o)
    0x08000182   0x00000000   Code   RO          613    .ARM.Collect$$libinit$$00000030  c_w.l(libinit2.o)
    0x08000182   0x00000002   Code   RO          614    .ARM.Collect$$libinit$$00000031  c_w.l(libinit2.o)
    0x08000184   0x00000002   Code   RO          642    .ARM.Collect$$libshutdown$$00000000  c_w.l(libshutdown.o)
    0x08000186   0x00000000   Code   RO          652    .ARM.Collect$$libshutdown$$00000003  c_w.l(libshutdown2.o)
    0x08000186   0x00000000   Code   RO          655    .ARM.Collect$$libshutdown$$00000006  c_w.l(libshutdown2.o)
    0x08000186   0x00000000   Code   RO          658    .ARM.Collect$$libshutdown$$00000009  c_w.l(libshutdown2.o)
    0x08000186   0x00000000   Code   RO          660    .ARM.Collect$$libshutdown$$0000000B  c_w.l(libshutdown2.o)
    0x08000186   0x00000000   Code   RO          663    .ARM.Collect$$libshutdown$$0000000E  c_w.l(libshutdown2.o)
    0x08000186   0x00000002   Code   RO          664    .ARM.Collect$$libshutdown$$0000000F  c_w.l(libshutdown2.o)
    0x08000188   0x00000000   Code   RO          478    .ARM.Collect$$rtentry$$00000000  c_w.l(rtentry.o)
    0x08000188   0x00000000   Code   RO          494    .ARM.Collect$$rtentry$$00000002  c_w.l(rtentry2.o)
    0x08000188   0x00000006   Code   RO          506    .ARM.Collect$$rtentry$$00000004  c_w.l(rtentry4.o)
    0x0800018e   0x00000000   Code   RO          496    .ARM.Collect$$rtentry$$00000009  c_w.l(rtentry2.o)
    0x0800018e   0x00000004   Code   RO          497    .ARM.Collect$$rtentry$$0000000A  c_w.l(rtentry2.o)
    0x08000192   0x00000000   Code   RO          499    .ARM.Collect$$rtentry$$0000000C  c_w.l(rtentry2.o)
    0x08000192   0x00000008   Code   RO          500    .ARM.Collect$$rtentry$$0000000D  c_w.l(rtentry2.o)
    0x0800019a   0x00000002   Code   RO          615    .ARM.Collect$$rtexit$$00000000  c_w.l(rtexit.o)
    0x0800019c   0x00000000   Code   RO          622    .ARM.Collect$$rtexit$$00000002  c_w.l(rtexit2.o)
    0x0800019c   0x00000004   Code   RO          623    .ARM.Collect$$rtexit$$00000003  c_w.l(rtexit2.o)
    0x080001a0   0x00000006   Code   RO          624    .ARM.Collect$$rtexit$$00000004  c_w.l(rtexit2.o)
    0x080001a6   0x00000002   PAD
    0x080001a8   0x0000008c   Code   RO            3    .text               main.o
    0x08000234   0x0000042c   Code   RO           96    .text               usart.o
    0x08000660   0x00000198   Code   RO          128    .text               pwm.o
    0x080007f8   0x00000120   Code   RO          148    .text               delay.o
    0x08000918   0x000003e0   Code   RO          168    .text               imu_usart.o
    0x08000cf8   0x00000094   Code   RO          195    .text               time.o
    0x08000d8c   0x0000055c   Code   RO          221    .text               control.o
    0x080012e8   0x000000dc   Code   RO          248    .text               misc.o
    0x080013c4   0x0000035c   Code   RO          268    .text               stm32f10x_gpio.o
    0x08001720   0x000003a4   Code   RO          288    .text               stm32f10x_rcc.o
    0x08001ac4   0x00000e1a   Code   RO          310    .text               stm32f10x_tim.o
    0x080028de   0x00000002   PAD
    0x080028e0   0x00000040   Code   RO          357    .text               startup_stm32f10x_md.o
    0x08002920   0x000001e0   Code   RO          363    .text               system_stm32f10x.o
    0x08002b00   0x00000408   Code   RO          389    .text               stm32f10x_usart.o
    0x08002f08   0x00000002   Code   RO          409    .text               c_w.l(use_no_semi_2.o)
    0x08002f0a   0x00000002   PAD
    0x08002f0c   0x00000018   Code   RO          413    .text               c_w.l(noretval__2printf.o)
    0x08002f24   0x0000004e   Code   RO          417    .text               c_w.l(_printf_pad.o)
    0x08002f72   0x00000002   PAD
    0x08002f74   0x00000074   Code   RO          419    .text               c_w.l(_printf_dec.o)
    0x08002fe8   0x00000160   Code   RO          436    .text               c_w.l(__printf_ss_wp.o)
    0x08003148   0x00000006   Code   RO          444    .text               c_w.l(heapauxi.o)
    0x0800314e   0x00000002   Code   RO          476    .text               c_w.l(use_no_semi.o)
    0x08003150   0x000000b2   Code   RO          479    .text               c_w.l(_printf_intcommon.o)
    0x08003202   0x00000416   Code   RO          481    .text               c_w.l(_printf_fp_dec.o)
    0x08003618   0x00000024   Code   RO          483    .text               c_w.l(_printf_char_file.o)
    0x0800363c   0x00000008   Code   RO          511    .text               c_w.l(rt_locale_intlibspace.o)
    0x08003644   0x0000008a   Code   RO          513    .text               c_w.l(lludiv10.o)
    0x080036ce   0x00000002   PAD
    0x080036d0   0x00000030   Code   RO          515    .text               c_w.l(_printf_char_common.o)
    0x08003700   0x00000080   Code   RO          517    .text               c_w.l(_printf_fp_infnan.o)
    0x08003780   0x000000d8   Code   RO          519    .text               c_w.l(bigflt0.o)
    0x08003858   0x00000008   Code   RO          544    .text               c_w.l(ferror.o)
    0x08003860   0x00000008   Code   RO          555    .text               c_w.l(libspace.o)
    0x08003868   0x0000004a   Code   RO          558    .text               c_w.l(sys_stackheap_outer.o)
    0x080038b2   0x0000000c   Code   RO          562    .text               c_w.l(exit.o)
    0x080038be   0x00000002   PAD
    0x080038c0   0x00000080   Code   RO          564    .text               c_w.l(strcmpv7m.o)
    0x08003940   0x0000003e   Code   RO          522    CL$$btod_d2e        c_w.l(btod.o)
    0x0800397e   0x00000046   Code   RO          524    CL$$btod_d2e_denorm_low  c_w.l(btod.o)
    0x080039c4   0x00000060   Code   RO          523    CL$$btod_d2e_norm_op1  c_w.l(btod.o)
    0x08003a24   0x00000338   Code   RO          532    CL$$btod_div_common  c_w.l(btod.o)
    0x08003d5c   0x000000c6   Code   RO          529    CL$$btod_e2e        c_w.l(btod.o)
    0x08003e22   0x00000028   Code   RO          526    CL$$btod_ediv       c_w.l(btod.o)
    0x08003e4a   0x00000028   Code   RO          525    CL$$btod_emul       c_w.l(btod.o)
    0x08003e72   0x00000244   Code   RO          531    CL$$btod_mult_common  c_w.l(btod.o)
    0x080040b6   0x00000028   Code   RO          553    i.__ARM_fpclassify  m_ws.l(fpclassify.o)
    0x080040de   0x0000000e   Code   RO          431    i._is_digit         c_w.l(__printf_wp.o)
    0x080040ec   0x0000002c   Code   RO          549    locale$$code        c_w.l(lc_numeric_c.o)
    0x08004118   0x00000150   Code   RO          448    x$fpl$dadd          fz_ws.l(daddsub_clz.o)
    0x08004268   0x00000018   Code   RO          486    x$fpl$dcmpinf       fz_ws.l(dcmpi.o)
    0x08004280   0x000002b0   Code   RO          455    x$fpl$ddiv          fz_ws.l(ddiv.o)
    0x08004530   0x0000005a   Code   RO          458    x$fpl$dfixu         fz_ws.l(dfixu.o)
    0x0800458a   0x0000002e   Code   RO          463    x$fpl$dflt          fz_ws.l(dflt_clz.o)
    0x080045b8   0x00000078   Code   RO          468    x$fpl$dleqf         fz_ws.l(dleqf.o)
    0x08004630   0x00000154   Code   RO          470    x$fpl$dmul          fz_ws.l(dmul.o)
    0x08004784   0x0000009c   Code   RO          488    x$fpl$dnaninf       fz_ws.l(dnaninf.o)
    0x08004820   0x0000000c   Code   RO          490    x$fpl$dretinf       fz_ws.l(dretinf.o)
    0x0800482c   0x0000006c   Code   RO          472    x$fpl$drleqf        fz_ws.l(drleqf.o)
    0x08004898   0x000001d4   Code   RO          450    x$fpl$dsub          fz_ws.l(daddsub_clz.o)
    0x08004a6c   0x00000004   Code   RO          474    x$fpl$printf1       fz_ws.l(printf1.o)
    0x08004a70   0x00000000   Code   RO          492    x$fpl$usenofp       fz_ws.l(usenofp.o)
    0x08004a70   0x00000094   Data   RO          520    .constdata          c_w.l(bigflt0.o)
    0x08004b04   0x00000020   Data   RO          689    Region$$Table       anon$$obj.o
    0x08004b24   0x0000001c   Data   RO          548    locale$$data        c_w.l(lc_numeric_c.o)


    Execution Region RW_IRAM1 (Base: 0x20000000, Size: 0x000007d0, Max: 0x00005000, ABSOLUTE)

    Base Addr    Size         Type   Attr      Idx    E Section Name        Object

    0x20000000   0x00000006   Data   RW           98    .data               usart.o
    0x20000006   0x00000002   PAD
    0x20000008   0x0000000e   Data   RW          170    .data               imu_usart.o
    0x20000016   0x00000003   Data   RW          196    .data               time.o
    0x20000019   0x00000003   PAD
    0x2000001c   0x00000004   Data   RW          223    .data               control.o
    0x20000020   0x00000014   Data   RW          289    .data               stm32f10x_rcc.o
    0x20000034   0x00000014   Data   RW          364    .data               system_stm32f10x.o
    0x20000048   0x0000000b   Zero   RW           97    .bss                usart.o
    0x20000053   0x00000005   PAD
    0x20000058   0x00000053   Zero   RW          169    .bss                imu_usart.o
    0x200000ab   0x00000005   PAD
    0x200000b0   0x000000c0   Zero   RW          222    .bss                control.o
    0x20000170   0x00000060   Zero   RW          556    .bss                c_w.l(libspace.o)
    0x200001d0   0x00000200   Zero   RW          355    HEAP                startup_stm32f10x_md.o
    0x200003d0   0x00000400   Zero   RW          354    STACK               startup_stm32f10x_md.o


==============================================================================

Image component sizes


      Code (inc. data)   RO Data    RW Data    ZI Data      Debug   Object Name

      1372         86          0          4        192       2484   control.o
       288          6          0          0          0       1292   delay.o
       992         44          0         14         83       2226   imu_usart.o
       140         22          0          0          0     253039   main.o
       220         22          0          0          0       1925   misc.o
       408         10          0          0          0       1664   pwm.o
        64         26        236          0       1536        848   startup_stm32f10x_md.o
       860         38          0          0          0       5773   stm32f10x_gpio.o
       932         36          0         20          0       8928   stm32f10x_rcc.o
      3610         88          0          0          0      22256   stm32f10x_tim.o
      1032         22          0          0          0       8492   stm32f10x_usart.o
       480         38          0         20          0       1971   system_stm32f10x.o
       148         14          0          3          0        991   time.o
      1068        106          0          6         11       4617   usart.o

    ----------------------------------------------------------------------
     11616        558        268         72       1832     316506   Object Totals
         0          0         32          0          0          0   (incl. Generated)
         2          0          0          5         10          0   (incl. Padding)

    ----------------------------------------------------------------------

      Code (inc. data)   RO Data    RW Data    ZI Data      Debug   Library Member Name

         8          0          0          0          0         68   __main.o
       352          0          0          0          0         88   __printf_ss_wp.o
        14          0          0          0          0         68   __printf_wp.o
        52          8          0          0          0          0   __scatter.o
        26          0          0          0          0          0   __scatter_copy.o
        28          0          0          0          0          0   __scatter_zi.o
        48          6          0          0          0         96   _printf_char_common.o
        36          4          0          0          0         80   _printf_char_file.o
         6          0          0          0          0          0   _printf_d.o
       116         16          0          0          0         92   _printf_dec.o
         6          0          0          0          0          0   _printf_f.o
      1046          0          0          0          0        216   _printf_fp_dec.o
       128         16          0          0          0         84   _printf_fp_infnan.o
       178          0          0          0          0         88   _printf_intcommon.o
        78          0          0          0          0        108   _printf_pad.o
         0          0          0          0          0          0   _printf_percent.o
         4          0          0          0          0          0   _printf_percent_end.o
       216          4        148          0          0         96   bigflt0.o
      1910        128          0          0          0        672   btod.o
        12          0          0          0          0         72   exit.o
         8          0          0          0          0         68   ferror.o
         6          0          0          0          0        152   heapauxi.o
        44         10         28          0          0         76   lc_numeric_c.o
         2          0          0          0          0          0   libinit.o
        18          0          0          0          0          0   libinit2.o
         2          0          0          0          0          0   libshutdown.o
         2          0          0          0          0          0   libshutdown2.o
         8          4          0          0         96         68   libspace.o
       138          0          0          0          0         80   lludiv10.o
        24          4          0          0          0         84   noretval__2printf.o
         8          4          0          0          0         68   rt_locale_intlibspace.o
         0          0          0          0          0          0   rtentry.o
        12          0          0          0          0          0   rtentry2.o
         6          0          0          0          0          0   rtentry4.o
         2          0          0          0          0          0   rtexit.o
        10          0          0          0          0          0   rtexit2.o
       128          0          0          0          0         68   strcmpv7m.o
        74          0          0          0          0         80   sys_stackheap_outer.o
         2          0          0          0          0         68   use_no_semi.o
         2          0          0          0          0         68   use_no_semi_2.o
       804         16          0          0          0        272   daddsub_clz.o
        24          0          0          0          0         68   dcmpi.o
       688        140          0          0          0        208   ddiv.o
        90          4          0          0          0         92   dfixu.o
        46          0          0          0          0         68   dflt_clz.o
       120          4          0          0          0         92   dleqf.o
       340         12          0          0          0        104   dmul.o
       156          4          0          0          0         92   dnaninf.o
        12          0          0          0          0         68   dretinf.o
       108          0          0          0          0         80   drleqf.o
         4          0          0          0          0         68   printf1.o
         0          0          0          0          0          0   usenofp.o
        40          0          0          0          0         68   fpclassify.o

    ----------------------------------------------------------------------
      7204        384        176          0         96       3988   Library Totals
        12          0          0          0          0          0   (incl. Padding)

    ----------------------------------------------------------------------

      Code (inc. data)   RO Data    RW Data    ZI Data      Debug   Library Name

      4760        204        176          0         96       2708   c_w.l
      2392        180          0          0          0       1212   fz_ws.l
        40          0          0          0          0         68   m_ws.l

    ----------------------------------------------------------------------
      7204        384        176          0         96       3988   Library Totals

    ----------------------------------------------------------------------

==============================================================================


      Code (inc. data)   RO Data    RW Data    ZI Data      Debug   

     18820        942        444         72       1928     317162   Grand Totals
     18820        942        444         72       1928     317162   ELF Image Totals
     18820        942        444         72          0          0   ROM Totals

==============================================================================

    Total RO  Size (Code + RO Data)                19264 (  18.81kB)
    Total RW  Size (RW Data + ZI Data)              2000 (   1.95kB)
    Total ROM Size (Code + RO Data + RW Data)      19336 (  18.88kB)

==============================================================================

